[2026-06-19T12:30:11.610517900] FATAL — N21AuthConfig startup failure
java.io.IOException: Cannot run program "systemctl": CreateProcess error=2, The system cannot find the file specified
	at java.base/java.lang.ProcessBuilder.start(ProcessBuilder.java:1112)
	at java.base/java.lang.ProcessBuilder.start(ProcessBuilder.java:1046)
	at database.N21AuthConfig.ensureMysqlRunning(N21AuthConfig.java:93)
	at Main.<init>(Main.java:91)
	at Main.main(Main.java:84)
Caused by: java.io.IOException: CreateProcess error=2, The system cannot find the file specified
	at java.base/java.lang.ProcessImpl.create(Native Method)
	at java.base/java.lang.ProcessImpl.<init>(ProcessImpl.java:485)
	at java.base/java.lang.ProcessImpl.start(ProcessImpl.java:146)
	at java.base/java.lang.ProcessBuilder.start(ProcessBuilder.java:1078)
	... 4 more
[2026-06-19T12:30:39.701399800] FATAL — N21AuthConfig startup failure
java.io.IOException: Cannot run program "systemctl": CreateProcess error=2, The system cannot find the file specified
	at java.base/java.lang.ProcessBuilder.start(ProcessBuilder.java:1112)
	at java.base/java.lang.ProcessBuilder.start(ProcessBuilder.java:1046)
	at database.N21AuthConfig.ensureMysqlRunning(N21AuthConfig.java:93)
	at Main.<init>(Main.java:91)
	at Main.main(Main.java:84)
Caused by: java.io.IOException: CreateProcess error=2, The system cannot find the file specified
	at java.base/java.lang.ProcessImpl.create(Native Method)
	at java.base/java.lang.ProcessImpl.<init>(ProcessImpl.java:485)
	at java.base/java.lang.ProcessImpl.start(ProcessImpl.java:146)
	at java.base/java.lang.ProcessBuilder.start(ProcessBuilder.java:1078)
	... 4 more
[2026-06-19T12:33:20.157408900] FATAL — N21AuthConfig startup failure
java.io.IOException: Cannot run program "systemctl": CreateProcess error=2, The system cannot find the file specified
	at java.base/java.lang.ProcessBuilder.start(ProcessBuilder.java:1112)
	at java.base/java.lang.ProcessBuilder.start(ProcessBuilder.java:1046)
	at database.N21AuthConfig.ensureMysqlRunning(N21AuthConfig.java:93)
	at Main.<init>(Main.java:91)
	at Main.main(Main.java:84)
Caused by: java.io.IOException: CreateProcess error=2, The system cannot find the file specified
	at java.base/java.lang.ProcessImpl.create(Native Method)
	at java.base/java.lang.ProcessImpl.<init>(ProcessImpl.java:485)
	at java.base/java.lang.ProcessImpl.start(ProcessImpl.java:146)
	at java.base/java.lang.ProcessBuilder.start(ProcessBuilder.java:1078)
	... 4 more
[2026-06-19T12:33:48.475566800] FATAL — N21AuthConfig startup failure
java.lang.RuntimeException: MySQL not installed — sc query reports service does not exist
	at database.N21AuthConfig.ensureMysqlRunning(N21AuthConfig.java:106)
	at Main.<init>(Main.java:91)
	at Main.main(Main.java:84)
[2026-06-19T12:39:16.602373200] FATAL — N21AuthConfig startup failure
java.lang.RuntimeException: MySQL not installed — sc query reports service does not exist
	at database.N21AuthConfig.ensureMysqlRunning(N21AuthConfig.java:106)
	at Main.<init>(Main.java:91)
	at Main.main(Main.java:84)
[2026-06-19T13:03:48.700938600] FATAL — N21AuthConfig startup failure
java.lang.RuntimeException: MySQL not installed — sc query reports service does not exist
	at database.N21AuthConfig.ensureMysqlRunning(N21AuthConfig.java:106)
	at Main.<init>(Main.java:91)
	at Main.main(Main.java:84)
[2026-06-19T13:05:25.243204400] FATAL — N21AuthConfig startup failure
java.lang.RuntimeException: MySQL not installed — sc query reports service does not exist
	at database.N21AuthConfig.ensureMysqlRunning(N21AuthConfig.java:106)
	at Main.<init>(Main.java:91)
	at Main.main(Main.java:84)
[2026-06-19T13:10:11.917819200] FATAL — N21AuthConfig startup failure
java.lang.RuntimeException: MySQL not installed — sc query reports service does not exist
	at database.N21AuthConfig.ensureMysqlRunning(N21AuthConfig.java:106)
	at Main.<init>(Main.java:91)
	at Main.main(Main.java:84)
[2026-06-19T13:10:55.757352100] FATAL — N21AuthConfig startup failure
java.lang.RuntimeException: MySQL not installed — sc query reports service does not exist
	at database.N21AuthConfig.ensureMysqlRunning(N21AuthConfig.java:106)
	at Main.<init>(Main.java:91)
	at Main.main(Main.java:84)
[2026-06-19T13:13:21.273558900] FATAL — N21AuthConfig startup failure
java.lang.RuntimeException: MySQL not installed — sc query reports service does not exist
	at database.N21AuthConfig.ensureMysqlRunning(N21AuthConfig.java:106)
	at Main.<init>(Main.java:91)
	at Main.main(Main.java:84)
[2026-06-19T13:14:43.179162200] FATAL — N21AuthConfig startup failure
java.lang.RuntimeException: MySQL not installed — sc query reports service does not exist
	at database.N21AuthConfig.ensureMysqlRunning(N21AuthConfig.java:106)
	at Main.<init>(Main.java:91)
	at Main.main(Main.java:84)
