[EXCEPTION] 2026-06-19T05:19:29.324393473Z
Type: java.sql.SQLException
Message: Access denied for user 'root'@'localhost'
Origin: com.mysql.cj.jdbc.exceptions.SQLError.createSQLException(SQLError.java:121)
StackTrace:
com.mysql.cj.jdbc.exceptions.SQLError.createSQLException(SQLError.java:121)
com.mysql.cj.jdbc.exceptions.SQLExceptionsMapping.translateException(SQLExceptionsMapping.java:114)
com.mysql.cj.jdbc.ConnectionImpl.createNewIO(ConnectionImpl.java:840)
com.mysql.cj.jdbc.ConnectionImpl.<init>(ConnectionImpl.java:416)
com.mysql.cj.jdbc.ConnectionImpl.getInstance(ConnectionImpl.java:237)
com.mysql.cj.jdbc.NonRegisteringDriver.connect(NonRegisteringDriver.java:180)
java.sql/java.sql.DriverManager.getConnection(DriverManager.java:613)
java.sql/java.sql.DriverManager.getConnection(DriverManager.java:199)
database.N21Store.getConnection(N21Store.java:732)
database.N21Store.createWhiteAuditorTables(N21Store.java:585)
whiteauditor.WhiteAuditorTasking.run(WhiteAuditorTasking.java:58)
------------------------------------------------------------
[EXCEPTION] 2026-06-19T05:19:29.322648761Z
Type: java.net.BindException
Message: Address already in use
Origin: java.base/sun.nio.ch.Net.bind0(Native Method)
StackTrace:
java.base/sun.nio.ch.Net.bind0(Native Method)
java.base/sun.nio.ch.Net.bind(Net.java:522)
java.base/sun.nio.ch.Net.bind(Net.java:511)
java.base/sun.nio.ch.NioSocketImpl.bind(NioSocketImpl.java:641)
java.base/java.net.ServerSocket.bind(ServerSocket.java:326)
java.base/java.net.ServerSocket.<init>(ServerSocket.java:222)
java.base/java.net.ServerSocket.<init>(ServerSocket.java:138)
java.base/javax.net.DefaultServerSocketFactory.createServerSocket(ServerSocketFactory.java:194)
com.googlecode.lanterna.terminal.ansi.TelnetTerminalServer.<init>(TelnetTerminalServer.java:81)
com.googlecode.lanterna.terminal.ansi.TelnetTerminalServer.<init>(TelnetTerminalServer.java:60)
lanterna.TerminalMenu.run(TerminalMenu.java:50)
------------------------------------------------------------
[EXCEPTION] 2026-06-19T05:21:05.059824376Z
Type: java.net.BindException
Message: Address already in use
Origin: java.base/sun.nio.ch.Net.bind0(Native Method)
StackTrace:
java.base/sun.nio.ch.Net.bind0(Native Method)
java.base/sun.nio.ch.Net.bind(Net.java:522)
java.base/sun.nio.ch.Net.bind(Net.java:511)
java.base/sun.nio.ch.NioSocketImpl.bind(NioSocketImpl.java:641)
java.base/java.net.ServerSocket.bind(ServerSocket.java:326)
java.base/java.net.ServerSocket.<init>(ServerSocket.java:222)
java.base/java.net.ServerSocket.<init>(ServerSocket.java:138)
java.base/javax.net.DefaultServerSocketFactory.createServerSocket(ServerSocketFactory.java:194)
com.googlecode.lanterna.terminal.ansi.TelnetTerminalServer.<init>(TelnetTerminalServer.java:81)
com.googlecode.lanterna.terminal.ansi.TelnetTerminalServer.<init>(TelnetTerminalServer.java:60)
lanterna.TerminalMenu.run(TerminalMenu.java:50)
------------------------------------------------------------
[EXCEPTION] 2026-06-19T05:21:05.068695161Z
Type: java.sql.SQLException
Message: Access denied for user 'root'@'localhost'
Origin: com.mysql.cj.jdbc.exceptions.SQLError.createSQLException(SQLError.java:121)
StackTrace:
com.mysql.cj.jdbc.exceptions.SQLError.createSQLException(SQLError.java:121)
com.mysql.cj.jdbc.exceptions.SQLExceptionsMapping.translateException(SQLExceptionsMapping.java:114)
com.mysql.cj.jdbc.ConnectionImpl.createNewIO(ConnectionImpl.java:840)
com.mysql.cj.jdbc.ConnectionImpl.<init>(ConnectionImpl.java:416)
com.mysql.cj.jdbc.ConnectionImpl.getInstance(ConnectionImpl.java:237)
com.mysql.cj.jdbc.NonRegisteringDriver.connect(NonRegisteringDriver.java:180)
java.sql/java.sql.DriverManager.getConnection(DriverManager.java:613)
java.sql/java.sql.DriverManager.getConnection(DriverManager.java:199)
database.N21Store.getConnection(N21Store.java:732)
database.N21Store.createWhiteAuditorTables(N21Store.java:585)
whiteauditor.WhiteAuditorTasking.run(WhiteAuditorTasking.java:58)
------------------------------------------------------------
[EXCEPTION] 2026-06-19T05:25:16.488359497Z
Type: java.net.BindException
Message: Address already in use
Origin: java.base/sun.nio.ch.Net.bind0(Native Method)
StackTrace:
java.base/sun.nio.ch.Net.bind0(Native Method)
java.base/sun.nio.ch.Net.bind(Net.java:522)
java.base/sun.nio.ch.Net.bind(Net.java:511)
java.base/sun.nio.ch.NioSocketImpl.bind(NioSocketImpl.java:641)
java.base/java.net.ServerSocket.bind(ServerSocket.java:326)
java.base/java.net.ServerSocket.<init>(ServerSocket.java:222)
java.base/java.net.ServerSocket.<init>(ServerSocket.java:138)
java.base/javax.net.DefaultServerSocketFactory.createServerSocket(ServerSocketFactory.java:194)
com.googlecode.lanterna.terminal.ansi.TelnetTerminalServer.<init>(TelnetTerminalServer.java:81)
com.googlecode.lanterna.terminal.ansi.TelnetTerminalServer.<init>(TelnetTerminalServer.java:60)
lanterna.TerminalMenu.run(TerminalMenu.java:50)
------------------------------------------------------------
[EXCEPTION] 2026-06-19T05:25:16.498363510Z
Type: java.sql.SQLException
Message: Access denied for user 'root'@'localhost'
Origin: com.mysql.cj.jdbc.exceptions.SQLError.createSQLException(SQLError.java:121)
StackTrace:
com.mysql.cj.jdbc.exceptions.SQLError.createSQLException(SQLError.java:121)
com.mysql.cj.jdbc.exceptions.SQLExceptionsMapping.translateException(SQLExceptionsMapping.java:114)
com.mysql.cj.jdbc.ConnectionImpl.createNewIO(ConnectionImpl.java:840)
com.mysql.cj.jdbc.ConnectionImpl.<init>(ConnectionImpl.java:416)
com.mysql.cj.jdbc.ConnectionImpl.getInstance(ConnectionImpl.java:237)
com.mysql.cj.jdbc.NonRegisteringDriver.connect(NonRegisteringDriver.java:180)
java.sql/java.sql.DriverManager.getConnection(DriverManager.java:613)
java.sql/java.sql.DriverManager.getConnection(DriverManager.java:199)
database.N21Store.getConnection(N21Store.java:732)
database.N21Store.createWhiteAuditorTables(N21Store.java:585)
whiteauditor.WhiteAuditorTasking.run(WhiteAuditorTasking.java:58)
------------------------------------------------------------
[EXCEPTION] 2026-06-19T05:27:57.185734774Z
Type: java.sql.SQLException
Message: Error writing file '/tmp/MLfd=70' (OS errno 28 - No space left on device)
Origin: com.mysql.cj.jdbc.exceptions.SQLError.createSQLException(SQLError.java:121)
StackTrace:
com.mysql.cj.jdbc.exceptions.SQLError.createSQLException(SQLError.java:121)
com.mysql.cj.jdbc.exceptions.SQLExceptionsMapping.translateException(SQLExceptionsMapping.java:114)
com.mysql.cj.jdbc.ClientPreparedStatement.executeInternal(ClientPreparedStatement.java:988)
com.mysql.cj.jdbc.ClientPreparedStatement.executeUpdateInternal(ClientPreparedStatement.java:1166)
com.mysql.cj.jdbc.ClientPreparedStatement.executeUpdateInternal(ClientPreparedStatement.java:1101)
com.mysql.cj.jdbc.ClientPreparedStatement.executeLargeUpdate(ClientPreparedStatement.java:1448)
com.mysql.cj.jdbc.ClientPreparedStatement.executeUpdate(ClientPreparedStatement.java:1084)
bitcoin.module.BitcoinWalletIndexer.insertWallet(BitcoinWalletIndexer.java:188)
bitcoin.module.BitcoinWalletIndexer.lambda$indexVersion$1(BitcoinWalletIndexer.java:148)
java.base/java.util.stream.ForEachOps$ForEachOp$OfRef.accept(ForEachOps.java:186)
java.base/java.util.stream.ReferencePipeline$2$1.accept(ReferencePipeline.java:197)
java.base/java.util.stream.ReferencePipeline$3$1.accept(ReferencePipeline.java:214)
java.base/java.util.Iterator.forEachRemaining(Iterator.java:133)
java.base/java.util.Spliterators$IteratorSpliterator.forEachRemaining(Spliterators.java:1939)
java.base/java.util.stream.AbstractPipeline.copyInto(AbstractPipeline.java:570)
java.base/java.util.stream.AbstractPipeline.wrapAndCopyInto(AbstractPipeline.java:560)
java.base/java.util.stream.ForEachOps$ForEachOp.evaluateSequential(ForEachOps.java:153)
java.base/java.util.stream.ForEachOps$ForEachOp$OfRef.evaluateSequential(ForEachOps.java:176)
java.base/java.util.stream.AbstractPipeline.evaluate(AbstractPipeline.java:265)
java.base/java.util.stream.ReferencePipeline.forEach(ReferencePipeline.java:632)
bitcoin.module.BitcoinWalletIndexer.indexVersion(BitcoinWalletIndexer.java:148)
bitcoin.module.BitcoinWalletIndexer.indexAll(BitcoinWalletIndexer.java:58)
Main.lambda$new$0(Main.java:213)
java.base/java.lang.VirtualThread.run(VirtualThread.java:456)
------------------------------------------------------------
[EXCEPTION] 2026-06-19T05:27:59.239141194Z
Type: java.sql.SQLException
Message: Error writing file '/tmp/MLfd=70' (OS errno 28 - No space left on device)
Origin: com.mysql.cj.jdbc.exceptions.SQLError.createSQLException(SQLError.java:121)
StackTrace:
com.mysql.cj.jdbc.exceptions.SQLError.createSQLException(SQLError.java:121)
com.mysql.cj.jdbc.exceptions.SQLExceptionsMapping.translateException(SQLExceptionsMapping.java:114)
com.mysql.cj.jdbc.ClientPreparedStatement.executeInternal(ClientPreparedStatement.java:988)
com.mysql.cj.jdbc.ClientPreparedStatement.executeUpdateInternal(ClientPreparedStatement.java:1166)
com.mysql.cj.jdbc.ClientPreparedStatement.executeUpdateInternal(ClientPreparedStatement.java:1101)
com.mysql.cj.jdbc.ClientPreparedStatement.executeLargeUpdate(ClientPreparedStatement.java:1448)
com.mysql.cj.jdbc.ClientPreparedStatement.executeUpdate(ClientPreparedStatement.java:1084)
bitcoin.module.BitcoinWalletIndexer.insertWallet(BitcoinWalletIndexer.java:188)
bitcoin.module.BitcoinWalletIndexer.lambda$indexVersion$1(BitcoinWalletIndexer.java:148)
java.base/java.util.stream.ForEachOps$ForEachOp$OfRef.accept(ForEachOps.java:186)
java.base/java.util.stream.ReferencePipeline$2$1.accept(ReferencePipeline.java:197)
java.base/java.util.stream.ReferencePipeline$3$1.accept(ReferencePipeline.java:214)
java.base/java.util.Iterator.forEachRemaining(Iterator.java:133)
java.base/java.util.Spliterators$IteratorSpliterator.forEachRemaining(Spliterators.java:1939)
java.base/java.util.stream.AbstractPipeline.copyInto(AbstractPipeline.java:570)
java.base/java.util.stream.AbstractPipeline.wrapAndCopyInto(AbstractPipeline.java:560)
java.base/java.util.stream.ForEachOps$ForEachOp.evaluateSequential(ForEachOps.java:153)
java.base/java.util.stream.ForEachOps$ForEachOp$OfRef.evaluateSequential(ForEachOps.java:176)
java.base/java.util.stream.AbstractPipeline.evaluate(AbstractPipeline.java:265)
java.base/java.util.stream.ReferencePipeline.forEach(ReferencePipeline.java:632)
bitcoin.module.BitcoinWalletIndexer.indexVersion(BitcoinWalletIndexer.java:148)
bitcoin.module.BitcoinWalletIndexer.indexAll(BitcoinWalletIndexer.java:58)
Main.lambda$new$0(Main.java:213)
java.base/java.lang.VirtualThread.run(VirtualThread.java:456)
------------------------------------------------------------
[EXCEPTION] 2026-06-19T05:28:00.339459657Z
Type: java.sql.SQLException
Message: Error writing file '/tmp/MLfd=70' (OS errno 28 - No space left on device)
Origin: com.mysql.cj.jdbc.exceptions.SQLError.createSQLException(SQLError.java:121)
StackTrace:
com.mysql.cj.jdbc.exceptions.SQLError.createSQLException(SQLError.java:121)
com.mysql.cj.jdbc.exceptions.SQLExceptionsMapping.translateException(SQLExceptionsMapping.java:114)
com.mysql.cj.jdbc.ClientPreparedStatement.executeInternal(ClientPreparedStatement.java:988)
com.mysql.cj.jdbc.ClientPreparedStatement.executeUpdateInternal(ClientPreparedStatement.java:1166)
com.mysql.cj.jdbc.ClientPreparedStatement.executeUpdateInternal(ClientPreparedStatement.java:1101)
com.mysql.cj.jdbc.ClientPreparedStatement.executeLargeUpdate(ClientPreparedStatement.java:1448)
com.mysql.cj.jdbc.ClientPreparedStatement.executeUpdate(ClientPreparedStatement.java:1084)
bitcoin.module.BitcoinWalletIndexer.insertWallet(BitcoinWalletIndexer.java:188)
bitcoin.module.BitcoinWalletIndexer.lambda$indexVersion$1(BitcoinWalletIndexer.java:148)
java.base/java.util.stream.ForEachOps$ForEachOp$OfRef.accept(ForEachOps.java:186)
java.base/java.util.stream.ReferencePipeline$2$1.accept(ReferencePipeline.java:197)
java.base/java.util.stream.ReferencePipeline$3$1.accept(ReferencePipeline.java:214)
java.base/java.util.Iterator.forEachRemaining(Iterator.java:133)
java.base/java.util.Spliterators$IteratorSpliterator.forEachRemaining(Spliterators.java:1939)
java.base/java.util.stream.AbstractPipeline.copyInto(AbstractPipeline.java:570)
java.base/java.util.stream.AbstractPipeline.wrapAndCopyInto(AbstractPipeline.java:560)
java.base/java.util.stream.ForEachOps$ForEachOp.evaluateSequential(ForEachOps.java:153)
java.base/java.util.stream.ForEachOps$ForEachOp$OfRef.evaluateSequential(ForEachOps.java:176)
java.base/java.util.stream.AbstractPipeline.evaluate(AbstractPipeline.java:265)
java.base/java.util.stream.ReferencePipeline.forEach(ReferencePipeline.java:632)
bitcoin.module.BitcoinWalletIndexer.indexVersion(BitcoinWalletIndexer.java:148)
bitcoin.module.BitcoinWalletIndexer.indexAll(BitcoinWalletIndexer.java:58)
Main.lambda$new$0(Main.java:213)
java.base/java.lang.VirtualThread.run(VirtualThread.java:456)
------------------------------------------------------------
[EXCEPTION] 2026-06-19T05:28:00.718393467Z
Type: java.sql.SQLException
Message: Error writing file '/tmp/MLfd=70' (OS errno 28 - No space left on device)
Origin: com.mysql.cj.jdbc.exceptions.SQLError.createSQLException(SQLError.java:121)
StackTrace:
com.mysql.cj.jdbc.exceptions.SQLError.createSQLException(SQLError.java:121)
com.mysql.cj.jdbc.exceptions.SQLExceptionsMapping.translateException(SQLExceptionsMapping.java:114)
com.mysql.cj.jdbc.ClientPreparedStatement.executeInternal(ClientPreparedStatement.java:988)
com.mysql.cj.jdbc.ClientPreparedStatement.executeUpdateInternal(ClientPreparedStatement.java:1166)
com.mysql.cj.jdbc.ClientPreparedStatement.executeUpdateInternal(ClientPreparedStatement.java:1101)
com.mysql.cj.jdbc.ClientPreparedStatement.executeLargeUpdate(ClientPreparedStatement.java:1448)
com.mysql.cj.jdbc.ClientPreparedStatement.executeUpdate(ClientPreparedStatement.java:1084)
bitcoin.module.BitcoinWalletIndexer.insertWallet(BitcoinWalletIndexer.java:188)
bitcoin.module.BitcoinWalletIndexer.lambda$indexVersion$1(BitcoinWalletIndexer.java:148)
java.base/java.util.stream.ForEachOps$ForEachOp$OfRef.accept(ForEachOps.java:186)
java.base/java.util.stream.ReferencePipeline$2$1.accept(ReferencePipeline.java:197)
java.base/java.util.stream.ReferencePipeline$3$1.accept(ReferencePipeline.java:214)
java.base/java.util.Iterator.forEachRemaining(Iterator.java:133)
java.base/java.util.Spliterators$IteratorSpliterator.forEachRemaining(Spliterators.java:1939)
java.base/java.util.stream.AbstractPipeline.copyInto(AbstractPipeline.java:570)
java.base/java.util.stream.AbstractPipeline.wrapAndCopyInto(AbstractPipeline.java:560)
java.base/java.util.stream.ForEachOps$ForEachOp.evaluateSequential(ForEachOps.java:153)
java.base/java.util.stream.ForEachOps$ForEachOp$OfRef.evaluateSequential(ForEachOps.java:176)
java.base/java.util.stream.AbstractPipeline.evaluate(AbstractPipeline.java:265)
java.base/java.util.stream.ReferencePipeline.forEach(ReferencePipeline.java:632)
bitcoin.module.BitcoinWalletIndexer.indexVersion(BitcoinWalletIndexer.java:148)
bitcoin.module.BitcoinWalletIndexer.indexAll(BitcoinWalletIndexer.java:58)
Main.lambda$new$0(Main.java:213)
java.base/java.lang.VirtualThread.run(VirtualThread.java:456)
------------------------------------------------------------
[EXCEPTION] 2026-06-19T05:28:01.003645900Z
Type: java.sql.SQLException
Message: Error writing file '/tmp/MLfd=70' (OS errno 28 - No space left on device)
Origin: com.mysql.cj.jdbc.exceptions.SQLError.createSQLException(SQLError.java:121)
StackTrace:
com.mysql.cj.jdbc.exceptions.SQLError.createSQLException(SQLError.java:121)
com.mysql.cj.jdbc.exceptions.SQLExceptionsMapping.translateException(SQLExceptionsMapping.java:114)
com.mysql.cj.jdbc.ClientPreparedStatement.executeInternal(ClientPreparedStatement.java:988)
com.mysql.cj.jdbc.ClientPreparedStatement.executeUpdateInternal(ClientPreparedStatement.java:1166)
com.mysql.cj.jdbc.ClientPreparedStatement.executeUpdateInternal(ClientPreparedStatement.java:1101)
com.mysql.cj.jdbc.ClientPreparedStatement.executeLargeUpdate(ClientPreparedStatement.java:1448)
com.mysql.cj.jdbc.ClientPreparedStatement.executeUpdate(ClientPreparedStatement.java:1084)
bitcoin.module.BitcoinWalletIndexer.insertWallet(BitcoinWalletIndexer.java:188)
bitcoin.module.BitcoinWalletIndexer.lambda$indexVersion$1(BitcoinWalletIndexer.java:148)
java.base/java.util.stream.ForEachOps$ForEachOp$OfRef.accept(ForEachOps.java:186)
java.base/java.util.stream.ReferencePipeline$2$1.accept(ReferencePipeline.java:197)
java.base/java.util.stream.ReferencePipeline$3$1.accept(ReferencePipeline.java:214)
java.base/java.util.Iterator.forEachRemaining(Iterator.java:133)
java.base/java.util.Spliterators$IteratorSpliterator.forEachRemaining(Spliterators.java:1939)
java.base/java.util.stream.AbstractPipeline.copyInto(AbstractPipeline.java:570)
java.base/java.util.stream.AbstractPipeline.wrapAndCopyInto(AbstractPipeline.java:560)
java.base/java.util.stream.ForEachOps$ForEachOp.evaluateSequential(ForEachOps.java:153)
java.base/java.util.stream.ForEachOps$ForEachOp$OfRef.evaluateSequential(ForEachOps.java:176)
java.base/java.util.stream.AbstractPipeline.evaluate(AbstractPipeline.java:265)
java.base/java.util.stream.ReferencePipeline.forEach(ReferencePipeline.java:632)
bitcoin.module.BitcoinWalletIndexer.indexVersion(BitcoinWalletIndexer.java:148)
bitcoin.module.BitcoinWalletIndexer.indexAll(BitcoinWalletIndexer.java:58)
Main.lambda$new$0(Main.java:213)
java.base/java.lang.VirtualThread.run(VirtualThread.java:456)
------------------------------------------------------------
[EXCEPTION] 2026-06-19T05:28:01.834964508Z
Type: java.sql.SQLException
Message: Error writing file '/tmp/MLfd=70' (OS errno 28 - No space left on device)
Origin: com.mysql.cj.jdbc.exceptions.SQLError.createSQLException(SQLError.java:121)
StackTrace:
com.mysql.cj.jdbc.exceptions.SQLError.createSQLException(SQLError.java:121)
com.mysql.cj.jdbc.exceptions.SQLExceptionsMapping.translateException(SQLExceptionsMapping.java:114)
com.mysql.cj.jdbc.ClientPreparedStatement.executeInternal(ClientPreparedStatement.java:988)
com.mysql.cj.jdbc.ClientPreparedStatement.executeUpdateInternal(ClientPreparedStatement.java:1166)
com.mysql.cj.jdbc.ClientPreparedStatement.executeUpdateInternal(ClientPreparedStatement.java:1101)
com.mysql.cj.jdbc.ClientPreparedStatement.executeLargeUpdate(ClientPreparedStatement.java:1448)
com.mysql.cj.jdbc.ClientPreparedStatement.executeUpdate(ClientPreparedStatement.java:1084)
bitcoin.module.BitcoinWalletIndexer.insertWallet(BitcoinWalletIndexer.java:188)
bitcoin.module.BitcoinWalletIndexer.lambda$indexVersion$1(BitcoinWalletIndexer.java:148)
java.base/java.util.stream.ForEachOps$ForEachOp$OfRef.accept(ForEachOps.java:186)
java.base/java.util.stream.ReferencePipeline$2$1.accept(ReferencePipeline.java:197)
java.base/java.util.stream.ReferencePipeline$3$1.accept(ReferencePipeline.java:214)
java.base/java.util.Iterator.forEachRemaining(Iterator.java:133)
java.base/java.util.Spliterators$IteratorSpliterator.forEachRemaining(Spliterators.java:1939)
java.base/java.util.stream.AbstractPipeline.copyInto(AbstractPipeline.java:570)
java.base/java.util.stream.AbstractPipeline.wrapAndCopyInto(AbstractPipeline.java:560)
java.base/java.util.stream.ForEachOps$ForEachOp.evaluateSequential(ForEachOps.java:153)
java.base/java.util.stream.ForEachOps$ForEachOp$OfRef.evaluateSequential(ForEachOps.java:176)
java.base/java.util.stream.AbstractPipeline.evaluate(AbstractPipeline.java:265)
java.base/java.util.stream.ReferencePipeline.forEach(ReferencePipeline.java:632)
bitcoin.module.BitcoinWalletIndexer.indexVersion(BitcoinWalletIndexer.java:148)
bitcoin.module.BitcoinWalletIndexer.indexAll(BitcoinWalletIndexer.java:58)
Main.lambda$new$0(Main.java:213)
java.base/java.lang.VirtualThread.run(VirtualThread.java:456)
------------------------------------------------------------
[EXCEPTION] 2026-06-19T05:28:02.654717221Z
Type: java.sql.SQLException
Message: Error writing file '/tmp/MLfd=70' (OS errno 28 - No space left on device)
Origin: com.mysql.cj.jdbc.exceptions.SQLError.createSQLException(SQLError.java:121)
StackTrace:
com.mysql.cj.jdbc.exceptions.SQLError.createSQLException(SQLError.java:121)
com.mysql.cj.jdbc.exceptions.SQLExceptionsMapping.translateException(SQLExceptionsMapping.java:114)
com.mysql.cj.jdbc.ClientPreparedStatement.executeInternal(ClientPreparedStatement.java:988)
com.mysql.cj.jdbc.ClientPreparedStatement.executeUpdateInternal(ClientPreparedStatement.java:1166)
com.mysql.cj.jdbc.ClientPreparedStatement.executeUpdateInternal(ClientPreparedStatement.java:1101)
com.mysql.cj.jdbc.ClientPreparedStatement.executeLargeUpdate(ClientPreparedStatement.java:1448)
com.mysql.cj.jdbc.ClientPreparedStatement.executeUpdate(ClientPreparedStatement.java:1084)
bitcoin.module.BitcoinWalletIndexer.insertWallet(BitcoinWalletIndexer.java:188)
bitcoin.module.BitcoinWalletIndexer.lambda$indexVersion$1(BitcoinWalletIndexer.java:148)
java.base/java.util.stream.ForEachOps$ForEachOp$OfRef.accept(ForEachOps.java:186)
java.base/java.util.stream.ReferencePipeline$2$1.accept(ReferencePipeline.java:197)
java.base/java.util.stream.ReferencePipeline$3$1.accept(ReferencePipeline.java:214)
java.base/java.util.Iterator.forEachRemaining(Iterator.java:133)
java.base/java.util.Spliterators$IteratorSpliterator.forEachRemaining(Spliterators.java:1939)
java.base/java.util.stream.AbstractPipeline.copyInto(AbstractPipeline.java:570)
java.base/java.util.stream.AbstractPipeline.wrapAndCopyInto(AbstractPipeline.java:560)
java.base/java.util.stream.ForEachOps$ForEachOp.evaluateSequential(ForEachOps.java:153)
java.base/java.util.stream.ForEachOps$ForEachOp$OfRef.evaluateSequential(ForEachOps.java:176)
java.base/java.util.stream.AbstractPipeline.evaluate(AbstractPipeline.java:265)
java.base/java.util.stream.ReferencePipeline.forEach(ReferencePipeline.java:632)
bitcoin.module.BitcoinWalletIndexer.indexVersion(BitcoinWalletIndexer.java:148)
bitcoin.module.BitcoinWalletIndexer.indexAll(BitcoinWalletIndexer.java:58)
Main.lambda$new$0(Main.java:213)
java.base/java.lang.VirtualThread.run(VirtualThread.java:456)
------------------------------------------------------------
[EXCEPTION] 2026-06-19T05:28:03.270383274Z
Type: java.sql.SQLException
Message: Error writing file '/tmp/MLfd=70' (OS errno 28 - No space left on device)
Origin: com.mysql.cj.jdbc.exceptions.SQLError.createSQLException(SQLError.java:121)
StackTrace:
com.mysql.cj.jdbc.exceptions.SQLError.createSQLException(SQLError.java:121)
com.mysql.cj.jdbc.exceptions.SQLExceptionsMapping.translateException(SQLExceptionsMapping.java:114)
com.mysql.cj.jdbc.ClientPreparedStatement.executeInternal(ClientPreparedStatement.java:988)
com.mysql.cj.jdbc.ClientPreparedStatement.executeUpdateInternal(ClientPreparedStatement.java:1166)
com.mysql.cj.jdbc.ClientPreparedStatement.executeUpdateInternal(ClientPreparedStatement.java:1101)
com.mysql.cj.jdbc.ClientPreparedStatement.executeLargeUpdate(ClientPreparedStatement.java:1448)
com.mysql.cj.jdbc.ClientPreparedStatement.executeUpdate(ClientPreparedStatement.java:1084)
bitcoin.module.BitcoinWalletIndexer.insertWallet(BitcoinWalletIndexer.java:188)
bitcoin.module.BitcoinWalletIndexer.lambda$indexVersion$1(BitcoinWalletIndexer.java:148)
java.base/java.util.stream.ForEachOps$ForEachOp$OfRef.accept(ForEachOps.java:186)
java.base/java.util.stream.ReferencePipeline$2$1.accept(ReferencePipeline.java:197)
java.base/java.util.stream.ReferencePipeline$3$1.accept(ReferencePipeline.java:214)
java.base/java.util.Iterator.forEachRemaining(Iterator.java:133)
java.base/java.util.Spliterators$IteratorSpliterator.forEachRemaining(Spliterators.java:1939)
java.base/java.util.stream.AbstractPipeline.copyInto(AbstractPipeline.java:570)
java.base/java.util.stream.AbstractPipeline.wrapAndCopyInto(AbstractPipeline.java:560)
java.base/java.util.stream.ForEachOps$ForEachOp.evaluateSequential(ForEachOps.java:153)
java.base/java.util.stream.ForEachOps$ForEachOp$OfRef.evaluateSequential(ForEachOps.java:176)
java.base/java.util.stream.AbstractPipeline.evaluate(AbstractPipeline.java:265)
java.base/java.util.stream.ReferencePipeline.forEach(ReferencePipeline.java:632)
bitcoin.module.BitcoinWalletIndexer.indexVersion(BitcoinWalletIndexer.java:148)
bitcoin.module.BitcoinWalletIndexer.indexAll(BitcoinWalletIndexer.java:58)
Main.lambda$new$0(Main.java:213)
java.base/java.lang.VirtualThread.run(VirtualThread.java:456)
------------------------------------------------------------
[EXCEPTION] 2026-06-19T05:28:04.070605692Z
Type: java.sql.SQLException
Message: Error writing file '/tmp/MLfd=70' (OS errno 28 - No space left on device)
Origin: com.mysql.cj.jdbc.exceptions.SQLError.createSQLException(SQLError.java:121)
StackTrace:
com.mysql.cj.jdbc.exceptions.SQLError.createSQLException(SQLError.java:121)
com.mysql.cj.jdbc.exceptions.SQLExceptionsMapping.translateException(SQLExceptionsMapping.java:114)
com.mysql.cj.jdbc.ClientPreparedStatement.executeInternal(ClientPreparedStatement.java:988)
com.mysql.cj.jdbc.ClientPreparedStatement.executeUpdateInternal(ClientPreparedStatement.java:1166)
com.mysql.cj.jdbc.ClientPreparedStatement.executeUpdateInternal(ClientPreparedStatement.java:1101)
com.mysql.cj.jdbc.ClientPreparedStatement.executeLargeUpdate(ClientPreparedStatement.java:1448)
com.mysql.cj.jdbc.ClientPreparedStatement.executeUpdate(ClientPreparedStatement.java:1084)
bitcoin.module.BitcoinWalletIndexer.insertWallet(BitcoinWalletIndexer.java:188)
bitcoin.module.BitcoinWalletIndexer.lambda$indexVersion$1(BitcoinWalletIndexer.java:148)
java.base/java.util.stream.ForEachOps$ForEachOp$OfRef.accept(ForEachOps.java:186)
java.base/java.util.stream.ReferencePipeline$2$1.accept(ReferencePipeline.java:197)
java.base/java.util.stream.ReferencePipeline$3$1.accept(ReferencePipeline.java:214)
java.base/java.util.Iterator.forEachRemaining(Iterator.java:133)
java.base/java.util.Spliterators$IteratorSpliterator.forEachRemaining(Spliterators.java:1939)
java.base/java.util.stream.AbstractPipeline.copyInto(AbstractPipeline.java:570)
java.base/java.util.stream.AbstractPipeline.wrapAndCopyInto(AbstractPipeline.java:560)
java.base/java.util.stream.ForEachOps$ForEachOp.evaluateSequential(ForEachOps.java:153)
java.base/java.util.stream.ForEachOps$ForEachOp$OfRef.evaluateSequential(ForEachOps.java:176)
java.base/java.util.stream.AbstractPipeline.evaluate(AbstractPipeline.java:265)
java.base/java.util.stream.ReferencePipeline.forEach(ReferencePipeline.java:632)
bitcoin.module.BitcoinWalletIndexer.indexVersion(BitcoinWalletIndexer.java:148)
bitcoin.module.BitcoinWalletIndexer.indexAll(BitcoinWalletIndexer.java:58)
Main.lambda$new$0(Main.java:213)
java.base/java.lang.VirtualThread.run(VirtualThread.java:456)
------------------------------------------------------------
[EXCEPTION] 2026-06-19T05:28:04.646373594Z
Type: java.sql.SQLException
Message: Error writing file '/tmp/MLfd=70' (OS errno 28 - No space left on device)
Origin: com.mysql.cj.jdbc.exceptions.SQLError.createSQLException(SQLError.java:121)
StackTrace:
com.mysql.cj.jdbc.exceptions.SQLError.createSQLException(SQLError.java:121)
com.mysql.cj.jdbc.exceptions.SQLExceptionsMapping.translateException(SQLExceptionsMapping.java:114)
com.mysql.cj.jdbc.ClientPreparedStatement.executeInternal(ClientPreparedStatement.java:988)
com.mysql.cj.jdbc.ClientPreparedStatement.executeUpdateInternal(ClientPreparedStatement.java:1166)
com.mysql.cj.jdbc.ClientPreparedStatement.executeUpdateInternal(ClientPreparedStatement.java:1101)
com.mysql.cj.jdbc.ClientPreparedStatement.executeLargeUpdate(ClientPreparedStatement.java:1448)
com.mysql.cj.jdbc.ClientPreparedStatement.executeUpdate(ClientPreparedStatement.java:1084)
bitcoin.module.BitcoinWalletIndexer.insertWallet(BitcoinWalletIndexer.java:188)
bitcoin.module.BitcoinWalletIndexer.lambda$indexVersion$1(BitcoinWalletIndexer.java:148)
java.base/java.util.stream.ForEachOps$ForEachOp$OfRef.accept(ForEachOps.java:186)
java.base/java.util.stream.ReferencePipeline$2$1.accept(ReferencePipeline.java:197)
java.base/java.util.stream.ReferencePipeline$3$1.accept(ReferencePipeline.java:214)
java.base/java.util.Iterator.forEachRemaining(Iterator.java:133)
java.base/java.util.Spliterators$IteratorSpliterator.forEachRemaining(Spliterators.java:1939)
java.base/java.util.stream.AbstractPipeline.copyInto(AbstractPipeline.java:570)
java.base/java.util.stream.AbstractPipeline.wrapAndCopyInto(AbstractPipeline.java:560)
java.base/java.util.stream.ForEachOps$ForEachOp.evaluateSequential(ForEachOps.java:153)
java.base/java.util.stream.ForEachOps$ForEachOp$OfRef.evaluateSequential(ForEachOps.java:176)
java.base/java.util.stream.AbstractPipeline.evaluate(AbstractPipeline.java:265)
java.base/java.util.stream.ReferencePipeline.forEach(ReferencePipeline.java:632)
bitcoin.module.BitcoinWalletIndexer.indexVersion(BitcoinWalletIndexer.java:148)
bitcoin.module.BitcoinWalletIndexer.indexAll(BitcoinWalletIndexer.java:58)
Main.lambda$new$0(Main.java:213)
java.base/java.lang.VirtualThread.run(VirtualThread.java:456)
------------------------------------------------------------
[EXCEPTION] 2026-06-19T05:28:05.851198882Z
Type: java.sql.SQLException
Message: Error writing file '/tmp/MLfd=70' (OS errno 28 - No space left on device)
Origin: com.mysql.cj.jdbc.exceptions.SQLError.createSQLException(SQLError.java:121)
StackTrace:
com.mysql.cj.jdbc.exceptions.SQLError.createSQLException(SQLError.java:121)
com.mysql.cj.jdbc.exceptions.SQLExceptionsMapping.translateException(SQLExceptionsMapping.java:114)
com.mysql.cj.jdbc.ClientPreparedStatement.executeInternal(ClientPreparedStatement.java:988)
com.mysql.cj.jdbc.ClientPreparedStatement.executeUpdateInternal(ClientPreparedStatement.java:1166)
com.mysql.cj.jdbc.ClientPreparedStatement.executeUpdateInternal(ClientPreparedStatement.java:1101)
com.mysql.cj.jdbc.ClientPreparedStatement.executeLargeUpdate(ClientPreparedStatement.java:1448)
com.mysql.cj.jdbc.ClientPreparedStatement.executeUpdate(ClientPreparedStatement.java:1084)
bitcoin.module.BitcoinWalletIndexer.insertWallet(BitcoinWalletIndexer.java:188)
bitcoin.module.BitcoinWalletIndexer.lambda$indexVersion$1(BitcoinWalletIndexer.java:148)
java.base/java.util.stream.ForEachOps$ForEachOp$OfRef.accept(ForEachOps.java:186)
java.base/java.util.stream.ReferencePipeline$2$1.accept(ReferencePipeline.java:197)
java.base/java.util.stream.ReferencePipeline$3$1.accept(ReferencePipeline.java:214)
java.base/java.util.Iterator.forEachRemaining(Iterator.java:133)
java.base/java.util.Spliterators$IteratorSpliterator.forEachRemaining(Spliterators.java:1939)
java.base/java.util.stream.AbstractPipeline.copyInto(AbstractPipeline.java:570)
java.base/java.util.stream.AbstractPipeline.wrapAndCopyInto(AbstractPipeline.java:560)
java.base/java.util.stream.ForEachOps$ForEachOp.evaluateSequential(ForEachOps.java:153)
java.base/java.util.stream.ForEachOps$ForEachOp$OfRef.evaluateSequential(ForEachOps.java:176)
java.base/java.util.stream.AbstractPipeline.evaluate(AbstractPipeline.java:265)
java.base/java.util.stream.ReferencePipeline.forEach(ReferencePipeline.java:632)
bitcoin.module.BitcoinWalletIndexer.indexVersion(BitcoinWalletIndexer.java:148)
bitcoin.module.BitcoinWalletIndexer.indexAll(BitcoinWalletIndexer.java:58)
Main.lambda$new$0(Main.java:213)
java.base/java.lang.VirtualThread.run(VirtualThread.java:456)
------------------------------------------------------------
[EXCEPTION] 2026-06-19T05:28:06.988485986Z
Type: java.sql.SQLException
Message: Error writing file '/tmp/MLfd=70' (OS errno 28 - No space left on device)
Origin: com.mysql.cj.jdbc.exceptions.SQLError.createSQLException(SQLError.java:121)
StackTrace:
com.mysql.cj.jdbc.exceptions.SQLError.createSQLException(SQLError.java:121)
com.mysql.cj.jdbc.exceptions.SQLExceptionsMapping.translateException(SQLExceptionsMapping.java:114)
com.mysql.cj.jdbc.ClientPreparedStatement.executeInternal(ClientPreparedStatement.java:988)
com.mysql.cj.jdbc.ClientPreparedStatement.executeUpdateInternal(ClientPreparedStatement.java:1166)
com.mysql.cj.jdbc.ClientPreparedStatement.executeUpdateInternal(ClientPreparedStatement.java:1101)
com.mysql.cj.jdbc.ClientPreparedStatement.executeLargeUpdate(ClientPreparedStatement.java:1448)
com.mysql.cj.jdbc.ClientPreparedStatement.executeUpdate(ClientPreparedStatement.java:1084)
bitcoin.module.BitcoinWalletIndexer.insertWallet(BitcoinWalletIndexer.java:188)
bitcoin.module.BitcoinWalletIndexer.lambda$indexVersion$1(BitcoinWalletIndexer.java:148)
java.base/java.util.stream.ForEachOps$ForEachOp$OfRef.accept(ForEachOps.java:186)
java.base/java.util.stream.ReferencePipeline$2$1.accept(ReferencePipeline.java:197)
java.base/java.util.stream.ReferencePipeline$3$1.accept(ReferencePipeline.java:214)
java.base/java.util.Iterator.forEachRemaining(Iterator.java:133)
java.base/java.util.Spliterators$IteratorSpliterator.forEachRemaining(Spliterators.java:1939)
java.base/java.util.stream.AbstractPipeline.copyInto(AbstractPipeline.java:570)
java.base/java.util.stream.AbstractPipeline.wrapAndCopyInto(AbstractPipeline.java:560)
java.base/java.util.stream.ForEachOps$ForEachOp.evaluateSequential(ForEachOps.java:153)
java.base/java.util.stream.ForEachOps$ForEachOp$OfRef.evaluateSequential(ForEachOps.java:176)
java.base/java.util.stream.AbstractPipeline.evaluate(AbstractPipeline.java:265)
java.base/java.util.stream.ReferencePipeline.forEach(ReferencePipeline.java:632)
bitcoin.module.BitcoinWalletIndexer.indexVersion(BitcoinWalletIndexer.java:148)
bitcoin.module.BitcoinWalletIndexer.indexAll(BitcoinWalletIndexer.java:58)
Main.lambda$new$0(Main.java:213)
java.base/java.lang.VirtualThread.run(VirtualThread.java:456)
------------------------------------------------------------
[EXCEPTION] 2026-06-19T05:28:07.154553492Z
Type: java.sql.SQLException
Message: Error writing file '/tmp/MLfd=70' (OS errno 28 - No space left on device)
Origin: com.mysql.cj.jdbc.exceptions.SQLError.createSQLException(SQLError.java:121)
StackTrace:
com.mysql.cj.jdbc.exceptions.SQLError.createSQLException(SQLError.java:121)
com.mysql.cj.jdbc.exceptions.SQLExceptionsMapping.translateException(SQLExceptionsMapping.java:114)
com.mysql.cj.jdbc.ClientPreparedStatement.executeInternal(ClientPreparedStatement.java:988)
com.mysql.cj.jdbc.ClientPreparedStatement.executeUpdateInternal(ClientPreparedStatement.java:1166)
com.mysql.cj.jdbc.ClientPreparedStatement.executeUpdateInternal(ClientPreparedStatement.java:1101)
com.mysql.cj.jdbc.ClientPreparedStatement.executeLargeUpdate(ClientPreparedStatement.java:1448)
com.mysql.cj.jdbc.ClientPreparedStatement.executeUpdate(ClientPreparedStatement.java:1084)
bitcoin.module.BitcoinWalletIndexer.insertWallet(BitcoinWalletIndexer.java:188)
bitcoin.module.BitcoinWalletIndexer.lambda$indexVersion$1(BitcoinWalletIndexer.java:148)
java.base/java.util.stream.ForEachOps$ForEachOp$OfRef.accept(ForEachOps.java:186)
java.base/java.util.stream.ReferencePipeline$2$1.accept(ReferencePipeline.java:197)
java.base/java.util.stream.ReferencePipeline$3$1.accept(ReferencePipeline.java:214)
java.base/java.util.Iterator.forEachRemaining(Iterator.java:133)
java.base/java.util.Spliterators$IteratorSpliterator.forEachRemaining(Spliterators.java:1939)
java.base/java.util.stream.AbstractPipeline.copyInto(AbstractPipeline.java:570)
java.base/java.util.stream.AbstractPipeline.wrapAndCopyInto(AbstractPipeline.java:560)
java.base/java.util.stream.ForEachOps$ForEachOp.evaluateSequential(ForEachOps.java:153)
java.base/java.util.stream.ForEachOps$ForEachOp$OfRef.evaluateSequential(ForEachOps.java:176)
java.base/java.util.stream.AbstractPipeline.evaluate(AbstractPipeline.java:265)
java.base/java.util.stream.ReferencePipeline.forEach(ReferencePipeline.java:632)
bitcoin.module.BitcoinWalletIndexer.indexVersion(BitcoinWalletIndexer.java:148)
bitcoin.module.BitcoinWalletIndexer.indexAll(BitcoinWalletIndexer.java:58)
Main.lambda$new$0(Main.java:213)
java.base/java.lang.VirtualThread.run(VirtualThread.java:456)
------------------------------------------------------------
[EXCEPTION] 2026-06-19T05:28:07.317438147Z
Type: java.sql.SQLException
Message: Error writing file '/tmp/MLfd=70' (OS errno 28 - No space left on device)
Origin: com.mysql.cj.jdbc.exceptions.SQLError.createSQLException(SQLError.java:121)
StackTrace:
com.mysql.cj.jdbc.exceptions.SQLError.createSQLException(SQLError.java:121)
com.mysql.cj.jdbc.exceptions.SQLExceptionsMapping.translateException(SQLExceptionsMapping.java:114)
com.mysql.cj.jdbc.ClientPreparedStatement.executeInternal(ClientPreparedStatement.java:988)
com.mysql.cj.jdbc.ClientPreparedStatement.executeUpdateInternal(ClientPreparedStatement.java:1166)
com.mysql.cj.jdbc.ClientPreparedStatement.executeUpdateInternal(ClientPreparedStatement.java:1101)
com.mysql.cj.jdbc.ClientPreparedStatement.executeLargeUpdate(ClientPreparedStatement.java:1448)
com.mysql.cj.jdbc.ClientPreparedStatement.executeUpdate(ClientPreparedStatement.java:1084)
bitcoin.module.BitcoinWalletIndexer.insertWallet(BitcoinWalletIndexer.java:188)
bitcoin.module.BitcoinWalletIndexer.lambda$indexVersion$1(BitcoinWalletIndexer.java:148)
java.base/java.util.stream.ForEachOps$ForEachOp$OfRef.accept(ForEachOps.java:186)
java.base/java.util.stream.ReferencePipeline$2$1.accept(ReferencePipeline.java:197)
java.base/java.util.stream.ReferencePipeline$3$1.accept(ReferencePipeline.java:214)
java.base/java.util.Iterator.forEachRemaining(Iterator.java:133)
java.base/java.util.Spliterators$IteratorSpliterator.forEachRemaining(Spliterators.java:1939)
java.base/java.util.stream.AbstractPipeline.copyInto(AbstractPipeline.java:570)
java.base/java.util.stream.AbstractPipeline.wrapAndCopyInto(AbstractPipeline.java:560)
java.base/java.util.stream.ForEachOps$ForEachOp.evaluateSequential(ForEachOps.java:153)
java.base/java.util.stream.ForEachOps$ForEachOp$OfRef.evaluateSequential(ForEachOps.java:176)
java.base/java.util.stream.AbstractPipeline.evaluate(AbstractPipeline.java:265)
java.base/java.util.stream.ReferencePipeline.forEach(ReferencePipeline.java:632)
bitcoin.module.BitcoinWalletIndexer.indexVersion(BitcoinWalletIndexer.java:148)
bitcoin.module.BitcoinWalletIndexer.indexAll(BitcoinWalletIndexer.java:58)
Main.lambda$new$0(Main.java:213)
java.base/java.lang.VirtualThread.run(VirtualThread.java:456)
------------------------------------------------------------
[EXCEPTION] 2026-06-19T05:28:09.005111349Z
Type: java.sql.SQLException
Message: Error writing file '/tmp/MLfd=70' (OS errno 28 - No space left on device)
Origin: com.mysql.cj.jdbc.exceptions.SQLError.createSQLException(SQLError.java:121)
StackTrace:
com.mysql.cj.jdbc.exceptions.SQLError.createSQLException(SQLError.java:121)
com.mysql.cj.jdbc.exceptions.SQLExceptionsMapping.translateException(SQLExceptionsMapping.java:114)
com.mysql.cj.jdbc.ClientPreparedStatement.executeInternal(ClientPreparedStatement.java:988)
com.mysql.cj.jdbc.ClientPreparedStatement.executeUpdateInternal(ClientPreparedStatement.java:1166)
com.mysql.cj.jdbc.ClientPreparedStatement.executeUpdateInternal(ClientPreparedStatement.java:1101)
com.mysql.cj.jdbc.ClientPreparedStatement.executeLargeUpdate(ClientPreparedStatement.java:1448)
com.mysql.cj.jdbc.ClientPreparedStatement.executeUpdate(ClientPreparedStatement.java:1084)
bitcoin.module.BitcoinWalletIndexer.insertWallet(BitcoinWalletIndexer.java:188)
bitcoin.module.BitcoinWalletIndexer.lambda$indexVersion$1(BitcoinWalletIndexer.java:148)
java.base/java.util.stream.ForEachOps$ForEachOp$OfRef.accept(ForEachOps.java:186)
java.base/java.util.stream.ReferencePipeline$2$1.accept(ReferencePipeline.java:197)
java.base/java.util.stream.ReferencePipeline$3$1.accept(ReferencePipeline.java:214)
java.base/java.util.Iterator.forEachRemaining(Iterator.java:133)
java.base/java.util.Spliterators$IteratorSpliterator.forEachRemaining(Spliterators.java:1939)
java.base/java.util.stream.AbstractPipeline.copyInto(AbstractPipeline.java:570)
java.base/java.util.stream.AbstractPipeline.wrapAndCopyInto(AbstractPipeline.java:560)
java.base/java.util.stream.ForEachOps$ForEachOp.evaluateSequential(ForEachOps.java:153)
java.base/java.util.stream.ForEachOps$ForEachOp$OfRef.evaluateSequential(ForEachOps.java:176)
java.base/java.util.stream.AbstractPipeline.evaluate(AbstractPipeline.java:265)
java.base/java.util.stream.ReferencePipeline.forEach(ReferencePipeline.java:632)
bitcoin.module.BitcoinWalletIndexer.indexVersion(BitcoinWalletIndexer.java:148)
bitcoin.module.BitcoinWalletIndexer.indexAll(BitcoinWalletIndexer.java:58)
Main.lambda$new$0(Main.java:213)
java.base/java.lang.VirtualThread.run(VirtualThread.java:456)
------------------------------------------------------------
[EXCEPTION] 2026-06-19T05:28:09.967841399Z
Type: java.sql.SQLException
Message: Error writing file '/tmp/MLfd=70' (OS errno 28 - No space left on device)
Origin: com.mysql.cj.jdbc.exceptions.SQLError.createSQLException(SQLError.java:121)
StackTrace:
com.mysql.cj.jdbc.exceptions.SQLError.createSQLException(SQLError.java:121)
com.mysql.cj.jdbc.exceptions.SQLExceptionsMapping.translateException(SQLExceptionsMapping.java:114)
com.mysql.cj.jdbc.ClientPreparedStatement.executeInternal(ClientPreparedStatement.java:988)
com.mysql.cj.jdbc.ClientPreparedStatement.executeUpdateInternal(ClientPreparedStatement.java:1166)
com.mysql.cj.jdbc.ClientPreparedStatement.executeUpdateInternal(ClientPreparedStatement.java:1101)
com.mysql.cj.jdbc.ClientPreparedStatement.executeLargeUpdate(ClientPreparedStatement.java:1448)
com.mysql.cj.jdbc.ClientPreparedStatement.executeUpdate(ClientPreparedStatement.java:1084)
bitcoin.module.BitcoinWalletIndexer.insertWallet(BitcoinWalletIndexer.java:188)
bitcoin.module.BitcoinWalletIndexer.lambda$indexVersion$1(BitcoinWalletIndexer.java:148)
java.base/java.util.stream.ForEachOps$ForEachOp$OfRef.accept(ForEachOps.java:186)
java.base/java.util.stream.ReferencePipeline$2$1.accept(ReferencePipeline.java:197)
java.base/java.util.stream.ReferencePipeline$3$1.accept(ReferencePipeline.java:214)
java.base/java.util.Iterator.forEachRemaining(Iterator.java:133)
java.base/java.util.Spliterators$IteratorSpliterator.forEachRemaining(Spliterators.java:1939)
java.base/java.util.stream.AbstractPipeline.copyInto(AbstractPipeline.java:570)
java.base/java.util.stream.AbstractPipeline.wrapAndCopyInto(AbstractPipeline.java:560)
java.base/java.util.stream.ForEachOps$ForEachOp.evaluateSequential(ForEachOps.java:153)
java.base/java.util.stream.ForEachOps$ForEachOp$OfRef.evaluateSequential(ForEachOps.java:176)
java.base/java.util.stream.AbstractPipeline.evaluate(AbstractPipeline.java:265)
java.base/java.util.stream.ReferencePipeline.forEach(ReferencePipeline.java:632)
bitcoin.module.BitcoinWalletIndexer.indexVersion(BitcoinWalletIndexer.java:148)
bitcoin.module.BitcoinWalletIndexer.indexAll(BitcoinWalletIndexer.java:58)
Main.lambda$new$0(Main.java:213)
java.base/java.lang.VirtualThread.run(VirtualThread.java:456)
------------------------------------------------------------
[EXCEPTION] 2026-06-19T05:28:10.738253267Z
Type: java.sql.SQLException
Message: Error writing file '/tmp/MLfd=70' (OS errno 28 - No space left on device)
Origin: com.mysql.cj.jdbc.exceptions.SQLError.createSQLException(SQLError.java:121)
StackTrace:
com.mysql.cj.jdbc.exceptions.SQLError.createSQLException(SQLError.java:121)
com.mysql.cj.jdbc.exceptions.SQLExceptionsMapping.translateException(SQLExceptionsMapping.java:114)
com.mysql.cj.jdbc.ClientPreparedStatement.executeInternal(ClientPreparedStatement.java:988)
com.mysql.cj.jdbc.ClientPreparedStatement.executeUpdateInternal(ClientPreparedStatement.java:1166)
com.mysql.cj.jdbc.ClientPreparedStatement.executeUpdateInternal(ClientPreparedStatement.java:1101)
com.mysql.cj.jdbc.ClientPreparedStatement.executeLargeUpdate(ClientPreparedStatement.java:1448)
com.mysql.cj.jdbc.ClientPreparedStatement.executeUpdate(ClientPreparedStatement.java:1084)
bitcoin.module.BitcoinWalletIndexer.insertWallet(BitcoinWalletIndexer.java:188)
bitcoin.module.BitcoinWalletIndexer.lambda$indexVersion$1(BitcoinWalletIndexer.java:148)
java.base/java.util.stream.ForEachOps$ForEachOp$OfRef.accept(ForEachOps.java:186)
java.base/java.util.stream.ReferencePipeline$2$1.accept(ReferencePipeline.java:197)
java.base/java.util.stream.ReferencePipeline$3$1.accept(ReferencePipeline.java:214)
java.base/java.util.Iterator.forEachRemaining(Iterator.java:133)
java.base/java.util.Spliterators$IteratorSpliterator.forEachRemaining(Spliterators.java:1939)
java.base/java.util.stream.AbstractPipeline.copyInto(AbstractPipeline.java:570)
java.base/java.util.stream.AbstractPipeline.wrapAndCopyInto(AbstractPipeline.java:560)
java.base/java.util.stream.ForEachOps$ForEachOp.evaluateSequential(ForEachOps.java:153)
java.base/java.util.stream.ForEachOps$ForEachOp$OfRef.evaluateSequential(ForEachOps.java:176)
java.base/java.util.stream.AbstractPipeline.evaluate(AbstractPipeline.java:265)
java.base/java.util.stream.ReferencePipeline.forEach(ReferencePipeline.java:632)
bitcoin.module.BitcoinWalletIndexer.indexVersion(BitcoinWalletIndexer.java:148)
bitcoin.module.BitcoinWalletIndexer.indexAll(BitcoinWalletIndexer.java:58)
Main.lambda$new$0(Main.java:213)
java.base/java.lang.VirtualThread.run(VirtualThread.java:456)
------------------------------------------------------------
[EXCEPTION] 2026-06-19T05:28:11.108397951Z
Type: java.sql.SQLException
Message: Error writing file '/tmp/MLfd=70' (OS errno 28 - No space left on device)
Origin: com.mysql.cj.jdbc.exceptions.SQLError.createSQLException(SQLError.java:121)
StackTrace:
com.mysql.cj.jdbc.exceptions.SQLError.createSQLException(SQLError.java:121)
com.mysql.cj.jdbc.exceptions.SQLExceptionsMapping.translateException(SQLExceptionsMapping.java:114)
com.mysql.cj.jdbc.ClientPreparedStatement.executeInternal(ClientPreparedStatement.java:988)
com.mysql.cj.jdbc.ClientPreparedStatement.executeUpdateInternal(ClientPreparedStatement.java:1166)
com.mysql.cj.jdbc.ClientPreparedStatement.executeUpdateInternal(ClientPreparedStatement.java:1101)
com.mysql.cj.jdbc.ClientPreparedStatement.executeLargeUpdate(ClientPreparedStatement.java:1448)
com.mysql.cj.jdbc.ClientPreparedStatement.executeUpdate(ClientPreparedStatement.java:1084)
bitcoin.module.BitcoinWalletIndexer.insertWallet(BitcoinWalletIndexer.java:188)
bitcoin.module.BitcoinWalletIndexer.lambda$indexVersion$1(BitcoinWalletIndexer.java:148)
java.base/java.util.stream.ForEachOps$ForEachOp$OfRef.accept(ForEachOps.java:186)
java.base/java.util.stream.ReferencePipeline$2$1.accept(ReferencePipeline.java:197)
java.base/java.util.stream.ReferencePipeline$3$1.accept(ReferencePipeline.java:214)
java.base/java.util.Iterator.forEachRemaining(Iterator.java:133)
java.base/java.util.Spliterators$IteratorSpliterator.forEachRemaining(Spliterators.java:1939)
java.base/java.util.stream.AbstractPipeline.copyInto(AbstractPipeline.java:570)
java.base/java.util.stream.AbstractPipeline.wrapAndCopyInto(AbstractPipeline.java:560)
java.base/java.util.stream.ForEachOps$ForEachOp.evaluateSequential(ForEachOps.java:153)
java.base/java.util.stream.ForEachOps$ForEachOp$OfRef.evaluateSequential(ForEachOps.java:176)
java.base/java.util.stream.AbstractPipeline.evaluate(AbstractPipeline.java:265)
java.base/java.util.stream.ReferencePipeline.forEach(ReferencePipeline.java:632)
bitcoin.module.BitcoinWalletIndexer.indexVersion(BitcoinWalletIndexer.java:148)
bitcoin.module.BitcoinWalletIndexer.indexAll(BitcoinWalletIndexer.java:58)
Main.lambda$new$0(Main.java:213)
java.base/java.lang.VirtualThread.run(VirtualThread.java:456)
------------------------------------------------------------
[EXCEPTION] 2026-06-19T05:28:11.147714714Z
Type: java.sql.SQLException
Message: The table 'bitcoin_wallets_v30' is full
Origin: com.mysql.cj.jdbc.exceptions.SQLError.createSQLException(SQLError.java:121)
StackTrace:
com.mysql.cj.jdbc.exceptions.SQLError.createSQLException(SQLError.java:121)
com.mysql.cj.jdbc.exceptions.SQLExceptionsMapping.translateException(SQLExceptionsMapping.java:114)
com.mysql.cj.jdbc.ClientPreparedStatement.executeInternal(ClientPreparedStatement.java:988)
com.mysql.cj.jdbc.ClientPreparedStatement.executeUpdateInternal(ClientPreparedStatement.java:1166)
com.mysql.cj.jdbc.ClientPreparedStatement.executeUpdateInternal(ClientPreparedStatement.java:1101)
com.mysql.cj.jdbc.ClientPreparedStatement.executeLargeUpdate(ClientPreparedStatement.java:1448)
com.mysql.cj.jdbc.ClientPreparedStatement.executeUpdate(ClientPreparedStatement.java:1084)
bitcoin.module.BitcoinWalletIndexer.insertWallet(BitcoinWalletIndexer.java:188)
bitcoin.module.BitcoinWalletIndexer.lambda$indexVersion$1(BitcoinWalletIndexer.java:148)
java.base/java.util.stream.ForEachOps$ForEachOp$OfRef.accept(ForEachOps.java:186)
java.base/java.util.stream.ReferencePipeline$2$1.accept(ReferencePipeline.java:197)
java.base/java.util.stream.ReferencePipeline$3$1.accept(ReferencePipeline.java:214)
java.base/java.util.Iterator.forEachRemaining(Iterator.java:133)
java.base/java.util.Spliterators$IteratorSpliterator.forEachRemaining(Spliterators.java:1939)
java.base/java.util.stream.AbstractPipeline.copyInto(AbstractPipeline.java:570)
java.base/java.util.stream.AbstractPipeline.wrapAndCopyInto(AbstractPipeline.java:560)
java.base/java.util.stream.ForEachOps$ForEachOp.evaluateSequential(ForEachOps.java:1[EXCEPTION] 2026-06-19T05:29:12.232821424Z
Type: java.sql.SQLException
Message: The table 'bitcoin_wallets_v30' is full
Origin: com.mysql.cj.jdbc.exceptions.SQLError.createSQLException(SQLError.java:121)
StackTrace:
com.mysql.cj.jdbc.exceptions.SQLError.createSQLException(SQLError.java:121)
com.mysql.cj.jdbc.exceptions.SQLExceptionsMapping.translateException(SQLExceptionsMapping.java:114)
com.mysql.cj.jdbc.ClientPreparedStatement.executeInternal(ClientPreparedStatement.java:988)
com.mysql.cj.jdbc.ClientPreparedStatement.executeUpdateInternal(ClientPreparedStatement.java:1166)
com.mysql.cj.jdbc.ClientPreparedStatement.executeUpdateInternal(ClientPreparedStatement.java:1101)
com.mysql.cj.jdbc.ClientPreparedStatement.executeLargeUpdate(ClientPreparedStatement.java:1448)
com.mysql.cj.jdbc.ClientPreparedStatement.executeUpdate(ClientPreparedStatement.java:1084)
bitcoin.module.BitcoinWalletIndexer.insertWallet(BitcoinWalletIndexer.java:188)
bitcoin.module.BitcoinWalletIndexer.lambda$indexVersion$1(BitcoinWalletIndexer.java:148)
java.base/java.util.stream.ForEachOps$ForEachOp$OfRef.accept(ForEachOps.java:186)
java.base/java.util.stream.ReferencePipeline$2$1.accept(ReferencePipeline.java:197)
java.base/java.util.stream.ReferencePipeline$3$1.accept(ReferencePipeline.java:214)
java.base/java.util.Iterator.forEachRemaining(Iterator.java:133)
java.base/java.util.Spliterators$IteratorSpliterator.forEachRemaining(Spliterators.java:1939)
java.base/java.util.stream.AbstractPipeline.copyInto(AbstractPipeline.java:570)
java.base/java.util.stream.AbstractPipeline.wrapAndCopyInto(AbstractPipeline.java:560)
java.base/java.util.stream.ForEachOps$ForEachOp.evaluateSequential(ForEachOps.java:153)
java.base/java.util.stream.ForEachOps$ForEachOp$OfRef.evaluateSequential(ForEachOps.java:176)
java.base/java.util.stream.AbstractPipeline.evaluate(AbstractPipeline.java:265)
java.base/java.util.stream.ReferencePipeline.forEach(ReferencePipeline.java:632)
bitcoin.module.BitcoinWalletIndexer.indexVersion(BitcoinWalletIndexer.java:148)
bitcoin.module.BitcoinWalletIndexer.indexAll(BitcoinWalletIndexer.java:58)
Main.lambda$new$0(Main.java:213)
java.base/java.lang.VirtualThread.run(VirtualThread.java:456)
------------------------------------------------------------
[EXCEPTION] 2026-06-19T05:29:13.360591807Z
Type: java.sql.SQLException
Message: Error writing file '/tmp/MLfd=70' (OS errno 28 - No space left on device)
Origin: com.mysql.cj.jdbc.exceptions.SQLError.createSQLException(SQLError.java:121)
StackTrace:
com.mysql.cj.jdbc.exceptions.SQLError.createSQLException(SQLError.java:121)
com.mysql.cj.jdbc.exceptions.SQLExceptionsMapping.translateException(SQLExceptionsMapping.java:114)
com.mysql.cj.jdbc.ClientPreparedStatement.executeInternal(ClientPreparedStatement.java:988)
com.mysql.cj.jdbc.ClientPreparedStatement.executeUpdateInternal(ClientPreparedStatement.java:1166)
com.mysql.cj.jdbc.ClientPreparedStatement.executeUpdateInternal(ClientPreparedStatement.java:1101)
com.mysql.cj.jdbc.ClientPreparedStatement.executeLargeUpdate(ClientPreparedStatement.java:1448)
com.mysql.cj.jdbc.ClientPreparedStatement.executeUpdate(ClientPreparedStatement.java:1084)
bitcoin.module.BitcoinWalletIndexer.insertWallet(BitcoinWalletIndexer.java:188)
bitcoin.module.BitcoinWalletIndexer.lambda$indexVersion$1(BitcoinWalletIndexer.java:148)
java.base/java.util.stream.ForEachOps$ForEachOp$OfRef.accept(ForEachOps.java:186)
java.base/java.util.stream.ReferencePipeline$2$1.accept(ReferencePipeline.java:197)
java.base/java.util.stream.ReferencePipeline$3$1.accept(ReferencePipeline.java:214)
java.base/java.util.Iterator.forEachRemaining(Iterator.java:133)
java.base/java.util.Spliterators$IteratorSpliterator.forEachRemaining(Spliterators.java:1939)
java.base/java.util.stream.AbstractPipeline.copyInto(AbstractPipeline.java:570)
java.base/java.util.stream.AbstractPipeline.wrapAndCopyInto(AbstractPipeline.java:560)
java.base/java.util.stream.ForEachOps$ForEachOp.evaluateSequential(ForEachOps.java:153)
java.base/java.util.stream.ForEachOps$ForEachOp$OfRef.evaluateSequential(ForEachOps.java:176)
java.base/java.util.stream.AbstractPipeline.evaluate(AbstractPipeline.java:265)
java.base/java.util.stream.ReferencePipeline.forEach(ReferencePipeline.java:632)
bitcoin.module.BitcoinWalletIndexer.indexVersion(BitcoinWalletIndexer.java:148)
bitcoin.module.BitcoinWalletIndexer.indexAll(BitcoinWalletIndexer.java:58)
Main.lambda$new$0(Main.java:213)
java.base/java.lang.VirtualThread.run(VirtualThread.java:456)
------------------------------------------------------------
[EXCEPTION] 2026-06-19T05:29:13.370851676Z
Type: java.sql.SQLException
Message: The table 'bitcoin_wallets_v30' is full
Origin: com.mysql.cj.jdbc.exceptions.SQLError.createSQLException(SQLError.java:121)
StackTrace:
com.mysql.cj.jdbc.exceptions.SQLError.createSQLException(SQLError.java:121)
com.mysql.cj.jdbc.exceptions.SQLExceptionsMapping.translateException(SQLExceptionsMapping.java:114)
com.mysql.cj.jdbc.ClientPreparedStatement.executeInternal(ClientPreparedStatement.java:988)
com.mysql.cj.jdbc.ClientPreparedStatement.executeUpdateInternal(ClientPreparedStatement.java:1166)
com.mysql.cj.jdbc.ClientPreparedStatement.executeUpdateInternal(ClientPreparedStatement.java:1101)
com.mysql.cj.jdbc.ClientPreparedStatement.executeLargeUpdate(ClientPreparedStatement.java:1448)
com.mysql.cj.jdbc.ClientPreparedStatement.executeUpdate(ClientPreparedStatement.java:1084)
bitcoin.module.BitcoinWalletIndexer.insertWallet(BitcoinWalletIndexer.java:188)
bitcoin.module.BitcoinWalletIndexer.lambda$indexVersion$1(BitcoinWalletIndexer.java:148)
java.base/java.util.stream.ForEachOps$ForEachOp$OfRef.accept(ForEachOps.java:186)
java.base/java.util.stream.ReferencePipeline$2$1.accept(ReferencePipeline.java:197)
java.base/java.util.stream.ReferencePipeline$3$1.accept(ReferencePipeline.java:214)
java.base/java.util.Iterator.forEachRemaining(Iterator.java:133)
java.base/java.util.Spliterators$IteratorSpliterator.forEachRemaining(Spliterators.java:1939)
java.base/java.util.stream.AbstractPipeline.copyInto(AbstractPipeline.java:570)
java.base/java.util.stream.AbstractPipeline.wrapAndCopyInto(AbstractPipeline.java:560)
java.base/java.util.stream.ForEachOps$ForEachOp.evaluateSequential(ForEachOps.java:153)
java.base/java.util.stream.ForEachOps$ForEachOp$OfRef.evaluateSequential(ForEachOps.java:176)
java.base/java.util.stream.AbstractPipeline.evaluate(AbstractPipeline.java:265)
java.base/java.util.stream.ReferencePipeline.forEach(ReferencePipeline.java:632)
bitcoin.module.BitcoinWalletIndexer.indexVersion(BitcoinWalletIndexer.java:148)
bitcoin.module.BitcoinWalletIndexer.indexAll(BitcoinWalletIndexer.java:58)
Main.lambda$new$0(Main.java:213)
java.base/java.lang.VirtualThread.run(VirtualThread.java:456)
------------------------------------------------------------
[EXCEPTION] 2026-06-19T05:30:13.399628314Z
Type: java.sql.SQLException
Message: The table 'bitcoin_wallets_v30' is full
Origin: com.mysql.cj.jdbc.exceptions.SQLError.createSQLException(SQLError.java:121)
StackTrace:
com.mysql.cj.jdbc.exceptions.SQLError.createSQLException(SQLError.java:121)
com.mysql.cj.jdbc.exceptions.SQLExceptionsMapping.translateException(SQLExceptionsMapping.java:114)
com.mysql.cj.jdbc.ClientPreparedStatement.executeInternal(ClientPreparedStatement.java:988)
com.mysql.cj.jdbc.ClientPreparedStatement.executeUpdateInternal(ClientPreparedStatement.java:1166)
com.mysql.cj.jdbc.ClientPreparedStatement.executeUpdateInternal(ClientPreparedStatement.java:1101)
com.mysql.cj.jdbc.ClientPreparedStatement.executeLargeUpdate(ClientPreparedStatement.java:1448)
com.mysql.cj.jdbc.ClientPreparedStatement.executeUpdate(ClientPreparedStatement.java:1084)
bitcoin.module.BitcoinWalletIndexer.insertWallet(BitcoinWalletIndexer.java:188)
bitcoin.module.BitcoinWalletIndexer.lambda$indexVersion$1(BitcoinWalletIndexer.java:148)
java.base/java.util.stream.ForEachOps$ForEachOp$OfRef.accept(ForEachOps.java:186)
java.base/java.util.stream.ReferencePipeline$2$1.accept(ReferencePipeline.java:197)
java.base/java.util.stream.ReferencePipeline$3$1.accept(ReferencePipeline.java:214)
java.base/java.util.Iterator.forEachRemaining(Iterator.java:133)
java.base/java.util.Spliterators$IteratorSpliterator.forEachRemaining(Spliterators.java:1939)
java.base/java.util.stream.AbstractPipeline.copyInto(AbstractPipeline.java:570)
java.base/java.util.stream.AbstractPipeline.wrapAndCopyInto(AbstractPipeline.java:560)
java.base/java.util.stream.ForEachOps$ForEachOp.evaluateSequential(ForEachOps.java:153)
java.base/java.util.stream.ForEachOps$ForEachOp$OfRef.evaluateSequential(ForEachOps.java:176)
java.base/java.util.stream.AbstractPipeline.evaluate(AbstractPipeline.java:265)
java.base/java.util.stream.ReferencePipeline.forEach(ReferencePipeline.java:632)
bitcoin.module.BitcoinWalletIndexer.indexVersion(BitcoinWalletIndexer.java:148)
bitcoin.module.BitcoinWalletIndexer.indexAll(BitcoinWalletIndexer.java:58)
Main.lambda$new$0(Main.java:213)
java.base/java.lang.VirtualThread.run(VirtualThread.java:456)
------------------------------------------------------------
[EXCEPTION] 2026-06-19T05:30:13.412479395Z
Type: java.sql.SQLException
Message: The table 'bitcoin_wallets_v30' is full
Origin: com.mysql.cj.jdbc.exceptions.SQLError.createSQLException(SQLError.java:121)
StackTrace:
com.mysql.cj.jdbc.exceptions.SQLError.createSQLException(SQLError.java:121)
com.mysql.cj.jdbc.exceptions.SQLExceptionsMapping.translateException(SQLExceptionsMapping.java:114)
com.mysql.cj.jdbc.ClientPreparedStatement.executeInternal(ClientPreparedStatement.java:988)
com.mysql.cj.jdbc.ClientPreparedStatement.executeUpdateInternal(ClientPreparedStatement.java:1166)
com.mysql.cj.jdbc.ClientPreparedStatement.executeUpdateInternal(ClientPreparedStatement.java:1101)
com.mysql.cj.jdbc.ClientPreparedStatement.executeLargeUpdate(ClientPreparedStatement.java:1448)
com.mysql.cj.jdbc.ClientPreparedStatement.executeUpdate(ClientPreparedStatement.java:1084)
bitcoin.module.BitcoinWalletIndexer.insertWallet(BitcoinWalletIndexer.java:188)
bitcoin.module.BitcoinWalletIndexer.lambda$indexVersion$1(BitcoinWalletIndexer.java:148)
java.base/java.util.stream.ForEachOps$ForEachOp$OfRef.accept(ForEachOps.java:186)
java.base/java.util.stream.ReferencePipeline$2$1.accept(ReferencePipeline.java:197)
java.base/java.util.stream.ReferencePipeline$3$1.accept(ReferencePipeline.java:214)
java.base/java.util.Iterator.forEachRemaining(Iterator.java:133)
java.base/java.util.Spliterators$IteratorSpliterator.forEachRemaining(Spliterators.java:1939)
java.base/java.util.stream.AbstractPipeline.copyInto(AbstractPipeline.java:570)
java.base/java.util.stream.AbstractPipeline.wrapAndCopyInto(AbstractPipeline.java:560)
java.base/java.util.stream.ForEachOps$ForEachOp.evaluateSequential(ForEachOps.java:153)
java.base/java.util.stream.ForEachOps$ForEachOp$OfRef.evaluateSequential(ForEachOps.java:176)
java.base/java.util.stream.AbstractPipeline.evaluate(AbstractPipeline.java:265)
java.base/java.util.stream.ReferencePipeline.forEach(ReferencePipeline.java:632)
bitcoin.module.BitcoinWalletIndexer.indexVersion(BitcoinWalletIndexer.java:148)
bitcoin.module.BitcoinWalletIndexer.indexAll(BitcoinWalletIndexer.java:58)
Main.lambda$new$0(Main.java:213)
java.base/java.lang.VirtualThread.run(VirtualThread.java:456)
------------------------------------------------------------
[EXCEPTION] 2026-06-19T05:31:13.439578799Z
Type: java.sql.SQLException
Message: The table 'bitcoin_wallets_v30' is full
Origin: com.mysql.cj.jdbc.exceptions.SQLError.createSQLException(SQLError.java:121)
StackTrace:
com.mysql.cj.jdbc.exceptions.SQLError.createSQLException(SQLError.java:121)
com.mysql.cj.jdbc.exceptions.SQLExceptionsMapping.translateException(SQLExceptionsMapping.java:114)
com.mysql.cj.jdbc.ClientPreparedStatement.executeInternal(ClientPreparedStatement.java:988)
com.mysql.cj.jdbc.ClientPreparedStatement.executeUpdateInternal(ClientPreparedStatement.java:1166)
com.mysql.cj.jdbc.ClientPreparedStatement.executeUpdateInternal(ClientPreparedStatement.java:1101)
com.mysql.cj.jdbc.ClientPreparedStatement.executeLargeUpdate(ClientPreparedStatement.java:1448)
com.mysql.cj.jdbc.ClientPreparedStatement.executeUpdate(ClientPreparedStatement.java:1084)
bitcoin.module.BitcoinWalletIndexer.insertWal[EXCEPTION] 2026-06-19T05:33:13.501939172Z
Type: java.sql.SQLException
Message: The table 'bitcoin_wallets_v30' is full
Origin: com.mysql.cj.jdbc.exceptions.SQLError.createSQLException(SQLError.java:121)
StackTrace:
com.mysql.cj.jdbc.exceptions.SQLError.createSQLException(SQLError.java:121)
com.mysql.cj.jdbc.exceptions.SQLExceptionsMapping.translateException(SQLExceptionsMapping.java:114)
com.mysql.cj.jdbc.ClientPreparedStatement.executeInternal(ClientPreparedStatement.java:988)
com.mysql.cj.jdbc.ClientPreparedStatement.executeUpdateInternal(ClientPreparedStatement.java:1166)
com.mysql.cj.jdbc.ClientPreparedStatement.executeUpdateInternal(ClientPreparedStatement.java:1101)
com.mysql.cj.jdbc.ClientPreparedStatement.executeLargeUpdate(ClientPreparedStatement.java:1448)
com.mysql.cj.jdbc.ClientPreparedStatement.executeUpdate(ClientPreparedStatement.java:1084)
bitcoin.module.BitcoinWalletIndexer.insertWallet(BitcoinWalletIndexer.java:188)
bitcoin.module.BitcoinWalletIndexer.lambda$indexVersion$1(BitcoinWalletIndexer.java:148)
java.base/java.util.stream.ForEachOps$ForEachOp$OfRef.accept(ForEachOps.java:186)
java.base/java.util.stream.ReferencePipeline$2$1.accept(ReferencePipeline.java:197)
java.base/java.util.stream.ReferencePipeline$3$1.accept(ReferencePipeline.java:214)
java.base/java.util.Iterator.forEachRemaining(Iterator.java:133)
java.base/java.util.Spliterators$IteratorSpliterator.forEachRemaining(Spliterators.java:1939)
java.base/java.util.stream.AbstractPipeline.copyInto(AbstractPipeline.java:570)
java.base/java.util.stream.AbstractPipeline.wrapAndCopyInto(AbstractPipeline.java:560)
java.base/java.util.stream.ForEachOps$ForEachOp.evaluateSequential(ForEachOps.java:153)
java.base/java.util.stream.ForEachOps$ForEachOp$OfRef.evaluateSequential(ForEachOps.java:176)
java.base/java.util.stream.AbstractPipeline.evaluate(AbstractPipeline.java:265)
java.base/java.util.stream.ReferencePipeline.forEach(ReferencePipeline.java:632)
bitcoin.module.BitcoinWalletIndexer.indexVersion(BitcoinWalletIndexer.java:148)
bitcoin.module.BitcoinWalletIndexer.indexAll(BitcoinWalletIndexer.java:58)
Main.lambda$new$0(Main.java:213)
java.base/java.lang.VirtualThread.run(VirtualThread.java:456)
------------------------------------------------------------
[EXCEPTION] 2026-06-19T05:35:13.551418324Z
Type: java.sql.SQLException
Message: The table 'bitcoin_wallets_v30' is full
Origin: com.mysql.cj.jdbc.exceptions.SQLError.createSQLException(SQLError.java:121)
StackTrace:
com.mysql.cj.jdbc.exceptions.SQLError.createSQLException(SQLError.java:121)
com.mysql.cj.jdbc.exceptions.SQLExceptionsMapping.translateException(SQLExceptionsMapping.java:114)
com.mysql.cj.jdbc.ClientPreparedStatement.executeInternal(ClientPreparedStatement.java:988)
com.mysql.cj.jdbc.ClientPreparedStatement.executeUpdateInternal(ClientPreparedStatement.java:1166)
com.mysql.cj.jdbc.ClientPreparedStatement.executeUpdateInternal(ClientPreparedStatement.java:1101)
com.mysql.cj.jdbc.ClientPreparedStatement.executeLargeUpdate(ClientPreparedStatement.java:1448)
com.mysql.cj.jdbc.ClientPreparedStatement.executeUpdate(ClientPreparedStatement.java:1084)
bitcoin.module.BitcoinWalletIndexer.insertWallet(BitcoinWalletIndexer.java:188)
bitcoin.module.BitcoinWalletIndexer.lambda$indexVersion$1(BitcoinWalletIndexer.java:148)
java.base/java.util.stream.ForEachOps$ForEachOp$OfRef.accept(ForEachOps.java:186)
java.base/java.util.stream.ReferencePipeline$2$1.accept(ReferencePipeline.java:197)
java.base/java.util.stream.ReferencePipeline$3$1.accept(ReferencePipeline.java:214)
java.base/java.util.Iterator.forEachRemaining(Iterator.java:133)
java.base/java.util.Spliterators$IteratorSpliterator.forEachRemaining(Spliterators.java:1939)
java.base/java.util.stream.AbstractPipeline.copyInto(AbstractPipeline.java:570)
java.base/java.util.stream.AbstractPipeline.wrapAndCopyInto(AbstractPipeline.java:560)
java.base/java.util.stream.ForEachOps$ForEachOp.evaluateSequential(ForEachOps.java:153)
java.base/java.util.stream.ForEachOps$ForEachOp$OfRef.evaluateSequential(ForEachOps.java:176)
java.base/java.util.stream.AbstractPipeline.evaluate(AbstractPipeline.java:265)
java.base/java.util.stream.ReferencePipeline.forEach(ReferencePipeline.java:632)
bitcoin.module.BitcoinWalletIndexer.indexVersion(BitcoinWalletIndexer.java:148)
bitcoin.module.BitcoinWalletIndexer.indexAll(BitcoinWalletIndexer.java:58)
Main.lambda$new$0(Main.java:213)
java.base/java.lang.VirtualThread.run(VirtualThread.java:456)
------------------------------------------------------------
[EXCEPTION] 2026-06-19T05:35:13.564682453Z
Type: java.sql.SQLException
Message: The table 'bitcoin_wallets_v30' is full
Origin: com.mysql.cj.jdbc.exceptions.SQLError.createSQLException(SQLError.java:121)
StackTrace:
com.mysql.cj.jdbc.exceptions.SQLError.createSQLException(SQLError.java:121)
com.mysql.cj.jdbc.exceptions.SQLExceptionsMapping.translateException(SQLExceptionsMapping.java:114)
com.mysql.cj.jdbc.ClientPreparedStatement.executeInternal(ClientPreparedStatement.java:988)
com.mysql.cj.jdbc.ClientPreparedStatement.executeUpdateInternal(ClientPreparedStatement.java:1166)
com.mysql.cj.jdbc.ClientPreparedStatement.executeUpdateInternal(ClientPreparedStatement.java:1101)
com.mysql.cj.jdbc.ClientPreparedStatement.executeLargeUpdate(ClientPreparedStatement.java:1448)
com.mysql.cj.jdbc.ClientPreparedStatement.executeUpdate(ClientPreparedStatement.java:1084)
bitcoin.module.BitcoinWalletIndexer.insertWallet(BitcoinWalletIndexer.java:188)
bitcoin.module.BitcoinWalletIndexer.lambda$indexVersion$1(BitcoinWalletIndexer.java:148)
java.base/java.util.stream.ForEachOps$ForEachOp$OfRef.accept(ForEachOps.java:186)
java.base/java.util.stream.ReferencePipeline$2$1.accept(ReferencePipeline.java:197)
java.base/java.util.stream.ReferencePipeline$3$1.accept(ReferencePipeline.java:214)
java.base/java.util.Iterator.forEachRemaining(Iterator.java:133)
java.base/java.util.Spliterators$IteratorSpliterator.forEachRemaining(Spliterators.java:1939)
java.base/java.util.stream.AbstractPipeline.copyInto(AbstractPipeline.java:570)
java.base/java.util.stream.AbstractPipeline.wrapAndCopyInto(AbstractPipeline.java:560)
java.base/java.util.stream.ForEachOps$ForEachOp.evaluateSequential(ForEachOps.java:153)
java.base/java.util.stream.ForEachOps$ForEachOp$OfRef.evaluateSequential(ForEachOps.java:176)
java.base/java.util.stream.AbstractPipeline.evaluate(AbstractPipeline.java:265)
java.base/java.util.stream.ReferencePipeline.forEach(ReferencePipeline.java:632)
bitcoin.module.BitcoinWalletIndexer.indexVersion(BitcoinWalletIndexer.java:148)
bitcoin.module.BitcoinWalletIndexer.indexAll(BitcoinWalletIndexer.java:58)
Main.lambda$new$0(Main.java:213)
java.base/java.lang.VirtualThread.run(VirtualThread.java:456)
------------------------------------------------------------
[EXCEPTION] 2026-06-19T05:36:13.592703012Z
Type: java.sql.SQLException
Message: The table 'bitcoin_wallets_v30' is full
Origin: com.mysql.cj.jdbc.exceptions.SQLError.createSQLException(SQLError.java:121)
StackTrace:
com.mysql.cj.jdbc.exceptions.SQLError.createSQLException(SQLError.java:121)
com.mysql.cj.jdbc.exceptions.SQLExceptionsMapping.translateException(SQLExceptionsMapping.java:114)
com.mysql.cj.jdbc.ClientPreparedStatement.executeInternal(ClientPreparedStatement.java:988)
com.mysql.cj.jdbc.ClientPreparedStatement.executeUpdateInternal(ClientPreparedStatement.java:1166)
com.mysql.cj.jdbc.ClientPreparedStatement.executeUpdateInternal(ClientPreparedStatement.java:1101)
com.mysql.cj.jdbc.ClientPreparedStatement.executeLargeUpdate(ClientPreparedStatement.java:1448)
com.mysql.cj.jdbc.ClientPreparedStatement.executeUpdate(ClientPreparedStatement.java:1084)
bitcoin.module.BitcoinWalletIndexer.insertWallet(BitcoinWalletIndexer.java:188)
bitcoin.module.BitcoinWalletIndexer.lambda$indexVersion$1(BitcoinWalletIndexer.java:148)
java.base/java.util.stream.ForEachOps$ForEachOp$OfRef.accept(ForEachOps.java:186)
java.base/java.util.stream.ReferencePipeline$2$1.accept(ReferencePipeline.java:197)
java.base/java.util.stream.ReferencePipeline$3$1.accept(ReferencePipeline.java:214)
java.base/java.util.Iterator.forEachRemaining(Iterator.java:133)
java.base/java.util.Spliterators$IteratorSpliterator.forEachRemaining(Spliterators.java:1939)
java.base/java.util.stream.AbstractPipeline.copyInto(AbstractPipeline.java:570)
java.base/java.util.stream.AbstractPipeline.wrapAndCopyInto(AbstractPipeline.java:560)
java.base/java.util.stream.ForEachOps$ForEachOp.evaluateSequential(ForEachOps.java:153)
java.base/java.util.stream.ForEachOps$ForEachOp$OfRef.evaluateSequential(ForEachOps.java:176)
java.base/java.util.stream.AbstractPipeline.evaluate(AbstractPipeline.java:265)
java.base/java.util.stream.ReferencePipeline.forEach(ReferencePipeline.java:632)
bitcoin.module.BitcoinWalletIndexer.indexVersion(BitcoinWalletIndexer.java:148)
bitcoin.module.BitcoinWalletIndexer.indexAll(BitcoinWalletIndexer.java:58)
Main.lambda$new$0(Main.java:213)
java.base/java.lang.VirtualThread.run(VirtualThread.java:456)
------------------------------------------------------------
[EXCEPTION] 2026-06-19T05:36:13.608860092Z
Type: java.sql.SQLException
Message: The table 'bitcoin_wallets_v30' is full
Origin: com.mysql.cj.jdbc.exceptions.SQLError.createSQLException(SQLError.java:121)
StackTrace:
com.mysql.cj.jdbc.exceptions.SQLError.createSQLException(SQLError.java:121)
com.mysql.cj.jdbc.exceptions.SQLExceptionsMapping.translateException(SQLExceptionsMapping.java:114)
com.mysql.cj.jdbc.ClientPreparedStatement.executeInternal(ClientPreparedStatement.java:988)
com.mysql.cj.jdbc.ClientPreparedStatement.executeUpdateInternal(ClientPreparedStatement.java:1166)
com.mysql.cj.jdbc.ClientPreparedStatement.executeUpdateInternal(ClientPreparedStatement.java:1101)
com.mysql.cj.jdbc.ClientPreparedStatement.executeLargeUpdate(ClientPreparedStatement.java:1448)
com.mysql.cj.jdbc.ClientPreparedStatement.executeUpdate(ClientPreparedStatement.java:1084)
bitcoin.module.BitcoinWalletIndexer.insertWallet(BitcoinWalletIndexer.java:188)
bitcoin.module.BitcoinWalletIndexer.lambda$indexVersion$1(BitcoinWalletIndexer.java:148)
java.base/java.util.stream.ForEachOps$ForEachOp$OfRef.accept(ForEachOps.java:186)
java.base/java.util.stream.ReferencePipeline$2$1.accept(ReferencePipeline.java:197)
java.base/java.util.stream.ReferencePipeline$3$1.accept(ReferencePipeline.java:214)
java.base/java.util.Iterator.forEachRemaining(Iterator.java:133)
java.base/java.util.Spliterators$IteratorSpliterator.forEachRemaining(Spliterators.java:1939)
java.base/java.util.stream.AbstractPipeline.copyInto(AbstractPipeline.java:570)
java.base/java.util.stream.AbstractPipeline.wrapAndCopyInto(AbstractPipeline.java:560)
java.base/java.util.stream.ForEachOps$ForEachOp.evaluateSequential(ForEachOps.java:153)
java.base/java.util.stream.ForEachOps$ForEachOp$OfRef.evaluateSequential(ForEachOps.java:176)
java.base/java.util.stream.AbstractPipeline.evaluate(AbstractPipeline.java:265)
java.base/java.util.stream.ReferencePipeline.forEach(ReferencePipeline.java:632)
bitcoin.module.BitcoinWalletIndexer.indexVersion(BitcoinWalletIndexer.java:148)
bitcoin.module.BitcoinWalletIndexer.indexAll(BitcoinWalletIndexer.java:58)
Main.lambda$new$0(Main.java:213)
java.base/java.lang.VirtualThread.run(VirtualThread.java:456)
------------------------------------------------------------
[EXCEPTION] 2026-06-19T05:37:13.641143613Z
Type: java.sql.SQLException
Message: The table 'bitcoin_wallets_v30' is full
Origin: com.mysql.cj.jdbc.exceptions.SQLError.createSQLException(SQLError.java:121)
StackTrace:
com.mysql.cj.jdbc.exceptions.SQLError.createSQLException(SQLError.java:121)
com.mysql.cj.jdbc.exceptions.SQLExceptionsMapping.translateException(SQLExceptionsMapping.java:114)
com.mysql.cj.jdbc.ClientPreparedStatement.executeInternal(ClientPreparedStatement.java:988)
com.mysql.cj.jdbc.ClientPreparedStatement.executeUpdateInternal(ClientPreparedStatement.java:1166)
com.mysql.cj.jdbc.ClientPreparedStatement.executeUpdateInternal(ClientPreparedStatement.java:1101)
com.mysql.cj.jdbc.ClientPreparedStatement.executeLargeUpdate(ClientPreparedStatement.java:1448)
com.mysql.cj.jdbc.ClientPreparedStatement.executeUpdate(ClientPreparedStatement.java:1084)
bitcoin.module.BitcoinWalletIndexer.insertWallet(BitcoinWalletIndexer.java:188)
bitcoin.module.BitcoinWalletIndexer.lambda$indexVersion$1(BitcoinWalletIndexer.java:148)
java.base/java.util.stream.ForEachOps$ForEachOp$OfRef.accept(ForEachOps.java:186)
java.base/java.util.stream.ReferencePipeline$2$1.accept(ReferencePipeline.java:197)
java.base/java.util.stream.ReferencePipeline$3$1.accept(ReferencePipeline.java:214)
java.base/java.util.Iterator.forEachRemaining(Iterator.java:133)
java.base/java.util.Spliterators$IteratorSpliterator.forEachRemaining(Spliterators.java:1939)
java.base/java.util.stream.AbstractPipeline.copyInto(AbstractPipeline.java:570)
java.base/java.util.stream.AbstractPipeline.wrapAndCopyInto(AbstractPipeline.java:560)
java.base/java.util.stream.ForEachOps$ForEachOp.evaluateSequential(ForEachOps.java:153)
java.base/java.util.stream.ForEachOps$ForEachOp$OfRef.evaluateSequential(ForEachOps.java:176)
java.base/java.util.stream.AbstractPipeline.evaluate(AbstractPipeline.java:265)
java.base/java.util.stream.ReferencePipeline.forEach(ReferencePipeline.java:632)
bitcoin.module.BitcoinWalletIndexer.indexVersion(BitcoinWalletIndexer.java:148)
bitcoin.module.BitcoinWalletIndexer.indexAll(BitcoinWalletIndexer.java:58)
Main.lambda$new$0(Main.java:213)
java.base/java.lang.VirtualThread.run(VirtualThread.java:456)
------------------------------------------------------------
[EXCEPTION] 2026-06-19T06:25:56.778210774Z
Type: java.sql.SQLException
Message: Access denied for user 'root'@'localhost'
Origin: com.mysql.cj.jdbc.exceptions.SQLError.createSQLException(SQLError.java:121)
StackTrace:
com.mysql.cj.jdbc.exceptions.SQLError.createSQLException(SQLError.java:121)
com.mysql.cj.jdbc.exceptions.SQLExceptionsMapping.translateException(SQLExceptionsMapping.java:114)
com.mysql.cj.jdbc.ConnectionImpl.createNewIO(ConnectionImpl.java:840)
com.mysql.cj.jdbc.ConnectionImpl.<init>(ConnectionImpl.java:416)
com.mysql.cj.jdbc.ConnectionImpl.getInstance(ConnectionImpl.java:237)
com.mysql.cj.jdbc.NonRegisteringDriver.connect(NonRegisteringDriver.java:180)
java.sql/java.sql.DriverManager.getConnection(DriverManager.java:613)
java.sql/java.sql.DriverManager.getConnection(DriverManager.java:199)
database.N21Store.getConnection(N21Store.java:732)
database.N21Store.createWhiteAuditorTables(N21Store.java:585)
whiteauditor.WhiteAuditorTasking.run(WhiteAuditorTasking.java:58)
------------------------------------------------------------
[EXCEPTION] 2026-06-19T06:25:56.775332317Z
Type: java.net.BindException
Message: Address already in use
Origin: java.base/sun.nio.ch.Net.bind0(Native Method)
StackTrace:
java.base/sun.nio.ch.Net.bind0(Native Method)
java.base/sun.nio.ch.Net.bind(Net.java:522)
java.base/sun.nio.ch.Net.bind(Net.java:511)
java.base/sun.nio.ch.NioSocketImpl.bind(NioSocketImpl.java:641)
java.base/java.net.ServerSocket.bind(ServerSocket.java:326)
java.base/java.net.ServerSocket.<init>(ServerSocket.java:222)
java.base/java.net.ServerSocket.<init>(ServerSocket.java:138)
java.base/javax.net.DefaultServerSocketFactory.createServerSocket(ServerSocketFactory.java:194)
com.googlecode.lanterna.terminal.ansi.TelnetTerminalServer.<init>(TelnetTerminalServer.java:81)
com.googlecode.lanterna.terminal.ansi.TelnetTerminalServer.<init>(TelnetTerminalServer.java:60)
lanterna.TerminalMenu.run(TerminalMenu.java:50)
------------------------------------------------------------
[EXCEPTION] 2026-06-19T06:35:57.146894056Z
Type: java.sql.SQLException
Message: Access denied for user 'root'@'localhost'
Origin: com.mysql.cj.jdbc.exceptions.SQLError.createSQLException(SQLError.java:121)
StackTrace:
com.mysql.cj.jdbc.exceptions.SQLError.createSQLException(SQLError.java:121)
com.mysql.cj.jdbc.exceptions.SQLExceptionsMapping.translateException(SQLExceptionsMapping.java:114)
com.mysql.cj.jdbc.ConnectionImpl.createNewIO(ConnectionImpl.java:840)
com.mysql.cj.jdbc.ConnectionImpl.<init>(ConnectionImpl.java:416)
com.mysql.cj.jdbc.ConnectionImpl.getInstance(ConnectionImpl.java:237)
com.mysql.cj.jdbc.NonRegisteringDriver.connect(NonRegisteringDriver.java:180)
java.sql/java.sql.DriverManager.getConnection(DriverManager.java:613)
java.sql/java.sql.DriverManager.getConnection(DriverManager.java:199)
database.N21Store.getConnection(N21Store.java:732)
database.N21Store.createWhiteAuditorTables(N21Store.java:585)
whiteauditor.WhiteAuditorTasking.run(WhiteAuditorTasking.java:58)
------------------------------------------------------------
[EXCEPTION] 2026-06-19T06:35:57.150632206Z
Type: java.net.BindException
Message: Address already in use
Origin: java.base/sun.nio.ch.Net.bind0(Native Method)
StackTrace:
java.base/sun.nio.ch.Net.bind0(Native Method)
java.base/sun.nio.ch.Net.bind(Net.java:522)
java.base/sun.nio.ch.Net.bind(Net.java:511)
java.base/sun.nio.ch.NioSocketImpl.bind(NioSocketImpl.java:641)
java.base/java.net.ServerSocket.bind(ServerSocket.java:326)
java.base/java.net.ServerSocket.<init>(ServerSocket.java:222)
java.base/java.net.ServerSocket.<init>(ServerSocket.java:138)
java.base/javax.net.DefaultServerSocketFactory.createServerSocket(ServerSocketFactory.java:194)
com.googlecode.lanterna.terminal.ansi.TelnetTerminalServer.<init>(TelnetTerminalServer.java:81)
com.googlecode.lanterna.terminal.ansi.TelnetTerminalServer.<init>(TelnetTerminalServer.java:60)
lanterna.TerminalMenu.run(TerminalMenu.java:50)
------------------------------------------------------------
[EXCEPTION] 2026-06-19T06:42:04.541993064Z
Type: java.sql.SQLException
Message: The table 'bitcoin_wallets_v24' is full
Origin: com.mysql.cj.jdbc.exceptions.SQLError.createSQLException(SQLError.java:121)
StackTrace:
com.mysql.cj.jdbc.exceptions.SQLError.createSQLException(SQLError.java:121)
com.mysql.cj.jdbc.exceptions.SQLExceptionsMapping.translateException(SQLExceptionsMapping.java:114)
com.mysql.cj.jdbc.ClientPreparedStatement.executeInternal(ClientPreparedStatement.java:988)
com.mysql.cj.jdbc.ClientPreparedStatement.executeUpdateInternal(ClientPreparedStatement.java:1166)
com.mysql.cj.jdbc.ClientPreparedStatement.executeUpdateInternal(ClientPreparedStatement.java:1101)
com.mysql.cj.jdbc.ClientPreparedStatement.executeLargeUpdate(ClientPreparedStatement.java:1448)
com.mysql.cj.jdbc.ClientPreparedStatement.executeUpdate(ClientPreparedStatement.java:1084)
bitcoin.module.BitcoinWalletIndexer.insertWallet(BitcoinWalletIndexer.java:188)
bitcoin.module.BitcoinWalletIndexer.lambda$indexVersion$1(BitcoinWalletIndexer.java:148)
java.base/java.util.stream.ForEachOps$ForEachOp$OfRef.accept(ForEachOps.java:186)
java.base/java.util.stream.ReferencePipeline$2$1.accept(ReferencePipeline.java:197)
java.base/java.util.stream.ReferencePipeline$3$1.accept(ReferencePipeline.java:214)
java.base/java.util.Iterator.forEachRemaining(Iterator.java:133)
java.base/java.util.Spliterators$IteratorSpliterator.forEachRemaining(Spliterators.java:1939)
java.base/java.util.stream.AbstractPipeline.copyInto(AbstractPipeline.java:570)
java.base/java.util.stream.AbstractPipeline.wrapAndCopyInto(AbstractPipeline.java:560)
java.base/java.util.stream.ForEachOps$ForEachOp.evaluateSequential(ForEachOps.java:153)
java.base/java.util.stream.ForEachOps$ForEachOp$OfRef.evaluateSequential(ForEachOps.java:176)
java.base/java.util.stream.AbstractPipeline.evaluate(AbstractPipeline.java:265)
java.base/java.util.stream.ReferencePipeline.forEach(ReferencePipeline.java:632)
bitcoin.module.BitcoinWalletIndexer.indexVersion(BitcoinWalletIndexer.java:148)
bitcoin.module.BitcoinWalletIndexer.indexAll(BitcoinWalletIndexer.java:58)
Main.lambda$new$0(Main.java:213)
java.base/java.lang.VirtualThread.run(VirtualThread.java:456)
------------------------------------------------------------
[EXCEPTION] 2026-06-19T06:42:52.483315324Z
Type: java.net.BindException
Message: Address already in use
Origin: java.base/sun.nio.ch.Net.bind0(Native Method)
StackTrace:
java.base/sun.nio.ch.Net.bind0(Native Method)
java.base/sun.nio.ch.Net.bind(Net.java:522)
java.base/sun.nio.ch.Net.bind(Net.java:511)
java.base/sun.nio.ch.NioSocketImpl.bind(NioSocketImpl.java:641)
java.base/java.net.ServerSocket.bind(ServerSocket.java:326)
java.base/java.net.ServerSocket.<init>(ServerSocket.java:222)
java.base/java.net.ServerSocket.<init>(ServerSocket.java:138)
java.base/javax.net.DefaultServerSocketFactory.createServerSocket(ServerSocketFactory.java:194)
com.googlecode.lanterna.terminal.ansi.TelnetTerminalServer.<init>(TelnetTerminalServer.java:81)
com.googlecode.lanterna.terminal.ansi.TelnetTerminalServer.<init>(TelnetTerminalServer.java:60)
lanterna.TerminalMenu.run(TerminalMenu.java:50)
------------------------------------------------------------
[EXCEPTION] 2026-06-19T06:42:52.493796222Z
Type: java.sql.SQLException
Message: Access denied for user 'root'@'localhost'
Origin: com.mysql.cj.jdbc.exceptions.SQLError.createSQLException(SQLError.java:121)
StackTrace:
com.mysql.cj.jdbc.exceptions.SQLError.createSQLException(SQLError.java:121)
com.mysql.cj.jdbc.exceptions.SQLExceptionsMapping.translateException(SQLExceptionsMapping.java:114)
com.mysql.cj.jdbc.ConnectionImpl.createNewIO(ConnectionImpl.java:840)
com.mysql.cj.jdbc.ConnectionImpl.<init>(ConnectionImpl.java:416)
com.mysql.cj.jdbc.ConnectionImpl.getInstance(ConnectionImpl.java:237)
com.mysql.cj.jdbc.NonRegisteringDriver.connect(NonRegisteringDriver.java:180)
java.sql/java.sql.DriverManager.getConnection(DriverManager.java:613)
java.sql/java.sql.DriverManager.getConnection(DriverManager.java:199)
database.N21Store.getConnection(N21Store.java:732)
database.N21Store.createWhiteAuditorTables(N21Store.java:585)
whiteauditor.WhiteAuditorTasking.run(WhiteAuditorTasking.java:58)
------------------------------------------------------------
[EXCEPTION] 2026-06-19T06:42:57.807284731Z
Type: java.sql.SQLException
Message: Error writing file '/tmp/MLfd=80' (OS errno 28 - No space left on device)
Origin: com.mysql.cj.jdbc.exceptions.SQLError.createSQLException(SQLError.java:121)
StackTrace:
com.mysql.cj.jdbc.exceptions.SQLError.createSQLException(SQLError.java:121)
com.mysql.cj.jdbc.exceptions.SQLExceptionsMapping.translateException(SQLExceptionsMapping.java:114)
com.mysql.cj.jdbc.ClientPreparedStatement.executeInternal(ClientPreparedStatement.java:988)
com.mysql.cj.jdbc.ClientPreparedStatement.executeUpdateInternal(ClientPreparedStatement.java:1166)
com.mysql.cj.jdbc.ClientPreparedStatement.executeUpdateInternal(ClientPreparedStatement.java:1101)
com.mysql.cj.jdbc.ClientPreparedStatement.executeLargeUpdate(ClientPreparedStatement.java:1448)
com.mysql.cj.jdbc.ClientPreparedStatement.executeUpdate(ClientPreparedStatement.java:1084)
bitcoin.module.BitcoinWalletIndexer.insertWallet(BitcoinWalletIndexer.java:188)
bitcoin.module.BitcoinWalletIndexer.lambda$indexVersion$1(BitcoinWalletIndexer.java:148)
java.base/java.util.stream.ForEachOps$ForEachOp$OfRef.accept(ForEachOps.java:186)
java.base/java.util.stream.ReferencePipeline$2$1.accept(ReferencePipeline.java:197)
java.base/java.util.stream.ReferencePipeline$3$1.accept(ReferencePipeline.java:214)
java.base/java.util.Iterator.forEachRemaining(Iterator.java:133)
java.base/java.util.Spliterators$IteratorSpliterator.forEachRemaining(Spliterators.java:1939)
java.base/java.util.stream.AbstractPipeline.copyInto(AbstractPipeline.java:570)
java.base/java.util.stream.AbstractPipeline.wrapAndCopyInto(AbstractPipeline.java:560)
java.base/java.util.stream.ForEachOps$ForEachOp.evaluateSequential(ForEachOps.java:153)
java.base/java.util.stream.ForEachOps$ForEachOp$OfRef.evaluateSequential(ForEachOps.java:176)
java.base/java.util.stream.AbstractPipeline.evaluate(AbstractPipeline.java:265)
java.base/java.util.stream.ReferencePipeline.forEach(ReferencePipeline.java:632)
bitcoin.module.BitcoinWalletIndexer.indexVersion(BitcoinWalletIndexer.java:148)
bitcoin.module.BitcoinWalletIndexer.indexAll(BitcoinWalletIndexer.java:58)
Main.lambda$new$0(Main.java:213)
java.base/java.lang.VirtualThread.run(VirtualThread.java:456)
------------------------------------------------------------
[EXCEPTION] 2026-06-19T06:45:42.460009243Z
Type: java.net.BindException
Message: Address already in use
Origin: java.base/sun.nio.ch.Net.bind0(Native Method)
StackTrace:
java.base/sun.nio.ch.Net.bind0(Native Method)
java.base/sun.nio.ch.Net.bind(Net.java:522)
java.base/sun.nio.ch.Net.bind(Net.java:511)
java.base/sun.nio.ch.NioSocketImpl.bind(NioSocketImpl.java:641)
java.base/java.net.ServerSocket.bind(ServerSocket.java:326)
java.base/java.net.ServerSocket.<init>(ServerSocket.java:222)
java.base/java.net.ServerSocket.<init>(ServerSocket.java:138)
java.base/javax.net.DefaultServerSocketFactory.createServerSocket(ServerSocketFactory.java:194)
com.googlecode.lanterna.terminal.ansi.TelnetTerminalServer.<init>(TelnetTerminalServer.java:81)
com.googlecode.lanterna.terminal.ansi.TelnetTerminalServer.<init>(TelnetTerminalServer.java:60)
lanterna.TerminalMenu.run(TerminalMenu.java:50)
------------------------------------------------------------
[EXCEPTION] 2026-06-19T06:45:42.516816493Z
Type: java.sql.SQLException
Message: Access denied for user 'root'@'localhost'
Origin: com.mysql.cj.jdbc.exceptions.SQLError.createSQLException(SQLError.java:121)
StackTrace:
com.mysql.cj.jdbc.exceptions.SQLError.createSQLException(SQLError.java:121)
com.mysql.cj.jdbc.exceptions.SQLExceptionsMapping.translateException(SQLExceptionsMapping.java:114)
com.mysql.cj.jdbc.ConnectionImpl.createNewIO(ConnectionImpl.java:840)
com.mysql.cj.jdbc.ConnectionImpl.<init>(ConnectionImpl.java:416)
com.mysql.cj.jdbc.ConnectionImpl.getInstance(ConnectionImpl.java:237)
com.mysql.cj.jdbc.NonRegisteringDriver.connect(NonRegisteringDriver.java:180)
java.sql/java.sql.DriverManager.getConnection(DriverManager.java:613)
java.sql/java.sql.DriverManager.getConnection(DriverManager.java:199)
database.N21Store.getConnection(N21Store.java:732)
database.N21Store.createWhiteAuditorTables(N21Store.java:585)
whiteauditor.WhiteAuditorTasking.run(WhiteAuditorTasking.java:58)
------------------------------------------------------------
[EXCEPTION] 2026-06-21T02:25:29.187557903Z
Type: java.net.BindException
Message: Address already in use
Origin: java.base/sun.nio.ch.Net.bind0(Native Method)
StackTrace:
java.base/sun.nio.ch.Net.bind0(Native Method)
java.base/sun.nio.ch.Net.bind(Net.java:522)
java.base/sun.nio.ch.Net.bind(Net.java:511)
java.base/sun.nio.ch.NioSocketImpl.bind(NioSocketImpl.java:641)
java.base/java.net.ServerSocket.bind(ServerSocket.java:326)
java.base/java.net.ServerSocket.<init>(ServerSocket.java:222)
java.base/java.net.ServerSocket.<init>(ServerSocket.java:138)
java.base/javax.net.DefaultServerSocketFactory.createServerSocket(ServerSocketFactory.java:194)
com.googlecode.lanterna.terminal.ansi.TelnetTerminalServer.<init>(TelnetTerminalServer.java:81)
com.googlecode.lanterna.terminal.ansi.TelnetTerminalServer.<init>(TelnetTerminalServer.java:60)
lanterna.TerminalMenu.run(TerminalMenu.java:50)
------------------------------------------------------------
[EXCEPTION] 2026-06-21T02:25:29.191466194Z
Type: java.sql.SQLException
Message: Access denied for user 'root'@'localhost'
Origin: com.mysql.cj.jdbc.exceptions.SQLError.createSQLException(SQLError.java:121)
StackTrace:
com.mysql.cj.jdbc.exceptions.SQLError.createSQLException(SQLError.java:121)
com.mysql.cj.jdbc.exceptions.SQLExceptionsMapping.translateException(SQLExceptionsMapping.java:114)
com.mysql.cj.jdbc.ConnectionImpl.createNewIO(ConnectionImpl.java:840)
com.mysql.cj.jdbc.ConnectionImpl.<init>(ConnectionImpl.java:416)
com.mysql.cj.jdbc.ConnectionImpl.getInstance(ConnectionImpl.java:237)
com.mysql.cj.jdbc.NonRegisteringDriver.connect(NonRegisteringDriver.java:180)
java.sql/java.sql.DriverManager.getConnection(DriverManager.java:613)
java.sql/java.sql.DriverManager.getConnection(DriverManager.java:199)
database.N21Store.getConnection(N21Store.java:732)
database.N21Store.createWhiteAuditorTables(N21Store.java:585)
whiteauditor.WhiteAuditorTasking.run(WhiteAuditorTasking.java:58)
------------------------------------------------------------
