[2026-06-19 12:30:17] [shutdown] IOException: Cannot run program "bash": CreateProcess error=2, The system cannot find the file specified
java.io.IOException: Cannot run program "bash": CreateProcess error=2, The system cannot find the file specified
	at java.base/java.lang.ProcessBuilder.start(ProcessBuilder.java:1112)
	at java.base/java.lang.ProcessBuilder.start(ProcessBuilder.java:1046)
	at shutdown.ShutdownHooks.run(ShutdownHooks.java:48)
	at java.base/java.lang.Thread.run(Thread.java:1474)
Caused by: java.io.IOException: CreateProcess error=2, The system cannot find the file specified
	at java.base/java.lang.ProcessImpl.create(Native Method)
	at java.base/java.lang.ProcessImpl.<init>(ProcessImpl.java:485)
	at java.base/java.lang.ProcessImpl.start(ProcessImpl.java:146)
	at java.base/java.lang.ProcessBuilder.start(ProcessBuilder.java:1078)
	... 3 more

[2026-06-19 12:30:45] [shutdown] IOException: Cannot run program "bash": CreateProcess error=2, The system cannot find the file specified
java.io.IOException: Cannot run program "bash": CreateProcess error=2, The system cannot find the file specified
	at java.base/java.lang.ProcessBuilder.start(ProcessBuilder.java:1112)
	at java.base/java.lang.ProcessBuilder.start(ProcessBuilder.java:1046)
	at shutdown.ShutdownHooks.run(ShutdownHooks.java:48)
	at java.base/java.lang.Thread.run(Thread.java:1474)
Caused by: java.io.IOException: CreateProcess error=2, The system cannot find the file specified
	at java.base/java.lang.ProcessImpl.create(Native Method)
	at java.base/java.lang.ProcessImpl.<init>(ProcessImpl.java:485)
	at java.base/java.lang.ProcessImpl.start(ProcessImpl.java:146)
	at java.base/java.lang.ProcessBuilder.start(ProcessBuilder.java:1078)
	... 3 more

[2026-06-19 12:33:25] [shutdown] IOException: Cannot run program "bash": CreateProcess error=2, The system cannot find the file specified
java.io.IOException: Cannot run program "bash": CreateProcess error=2, The system cannot find the file specified
	at java.base/java.lang.ProcessBuilder.start(ProcessBuilder.java:1112)
	at java.base/java.lang.ProcessBuilder.start(ProcessBuilder.java:1046)
	at shutdown.ShutdownHooks.run(ShutdownHooks.java:48)
	at java.base/java.lang.Thread.run(Thread.java:1474)
Caused by: java.io.IOException: CreateProcess error=2, The system cannot find the file specified
	at java.base/java.lang.ProcessImpl.create(Native Method)
	at java.base/java.lang.ProcessImpl.<init>(ProcessImpl.java:485)
	at java.base/java.lang.ProcessImpl.start(ProcessImpl.java:146)
	at java.base/java.lang.ProcessBuilder.start(ProcessBuilder.java:1078)
	... 3 more

[2026-06-19 12:33:54] [shutdown] IOException: Cannot run program "bash": CreateProcess error=2, The system cannot find the file specified
java.io.IOException: Cannot run program "bash": CreateProcess error=2, The system cannot find the file specified
	at java.base/java.lang.ProcessBuilder.start(ProcessBuilder.java:1112)
	at java.base/java.lang.ProcessBuilder.start(ProcessBuilder.java:1046)
	at shutdown.ShutdownHooks.run(ShutdownHooks.java:48)
	at java.base/java.lang.Thread.run(Thread.java:1474)
Caused by: java.io.IOException: CreateProcess error=2, The system cannot find the file specified
	at java.base/java.lang.ProcessImpl.create(Native Method)
	at java.base/java.lang.ProcessImpl.<init>(ProcessImpl.java:485)
	at java.base/java.lang.ProcessImpl.start(ProcessImpl.java:146)
	at java.base/java.lang.ProcessBuilder.start(ProcessBuilder.java:1078)
	... 3 more

[2026-06-19 12:39:22] [shutdown] IOException: Cannot run program "bash": CreateProcess error=2, The system cannot find the file specified
java.io.IOException: Cannot run program "bash": CreateProcess error=2, The system cannot find the file specified
	at java.base/java.lang.ProcessBuilder.start(ProcessBuilder.java:1112)
	at java.base/java.lang.ProcessBuilder.start(ProcessBuilder.java:1046)
	at shutdown.ShutdownHooks.run(ShutdownHooks.java:48)
	at java.base/java.lang.Thread.run(Thread.java:1474)
Caused by: java.io.IOException: CreateProcess error=2, The system cannot find the file specified
	at java.base/java.lang.ProcessImpl.create(Native Method)
	at java.base/java.lang.ProcessImpl.<init>(ProcessImpl.java:485)
	at java.base/java.lang.ProcessImpl.start(ProcessImpl.java:146)
	at java.base/java.lang.ProcessBuilder.start(ProcessBuilder.java:1078)
	... 3 more

[2026-06-19 13:03:54] [shutdown] IOException: Cannot run program "bash": CreateProcess error=2, The system cannot find the file specified
java.io.IOException: Cannot run program "bash": CreateProcess error=2, The system cannot find the file specified
	at java.base/java.lang.ProcessBuilder.start(ProcessBuilder.java:1112)
	at java.base/java.lang.ProcessBuilder.start(ProcessBuilder.java:1046)
	at shutdown.ShutdownHooks.run(ShutdownHooks.java:48)
	at java.base/java.lang.Thread.run(Thread.java:1474)
Caused by: java.io.IOException: CreateProcess error=2, The system cannot find the file specified
	at java.base/java.lang.ProcessImpl.create(Native Method)
	at java.base/java.lang.ProcessImpl.<init>(ProcessImpl.java:485)
	at java.base/java.lang.ProcessImpl.start(ProcessImpl.java:146)
	at java.base/java.lang.ProcessBuilder.start(ProcessBuilder.java:1078)
	... 3 more

[2026-06-19 13:05:30] [shutdown] IOException: Cannot run program "bash": CreateProcess error=2, The system cannot find the file specified
java.io.IOException: Cannot run program "bash": CreateProcess error=2, The system cannot find the file specified
	at java.base/java.lang.ProcessBuilder.start(ProcessBuilder.java:1112)
	at java.base/java.lang.ProcessBuilder.start(ProcessBuilder.java:1046)
	at shutdown.ShutdownHooks.run(ShutdownHooks.java:48)
	at java.base/java.lang.Thread.run(Thread.java:1474)
Caused by: java.io.IOException: CreateProcess error=2, The system cannot find the file specified
	at java.base/java.lang.ProcessImpl.create(Native Method)
	at java.base/java.lang.ProcessImpl.<init>(ProcessImpl.java:485)
	at java.base/java.lang.ProcessImpl.start(ProcessImpl.java:146)
	at java.base/java.lang.ProcessBuilder.start(ProcessBuilder.java:1078)
	... 3 more

[2026-06-19 13:10:17] [shutdown] IOException: Cannot run program "bash": CreateProcess error=2, The system cannot find the file specified
java.io.IOException: Cannot run program "bash": CreateProcess error=2, The system cannot find the file specified
	at java.base/java.lang.ProcessBuilder.start(ProcessBuilder.java:1112)
	at java.base/java.lang.ProcessBuilder.start(ProcessBuilder.java:1046)
	at shutdown.ShutdownHooks.run(ShutdownHooks.java:48)
	at java.base/java.lang.Thread.run(Thread.java:1474)
Caused by: java.io.IOException: CreateProcess error=2, The system cannot find the file specified
	at java.base/java.lang.ProcessImpl.create(Native Method)
	at java.base/java.lang.ProcessImpl.<init>(ProcessImpl.java:485)
	at java.base/java.lang.ProcessImpl.start(ProcessImpl.java:146)
	at java.base/java.lang.ProcessBuilder.start(ProcessBuilder.java:1078)
	... 3 more

[2026-06-19 13:11:01] [shutdown] IOException: Cannot run program "bash": CreateProcess error=2, The system cannot find the file specified
java.io.IOException: Cannot run program "bash": CreateProcess error=2, The system cannot find the file specified
	at java.base/java.lang.ProcessBuilder.start(ProcessBuilder.java:1112)
	at java.base/java.lang.ProcessBuilder.start(ProcessBuilder.java:1046)
	at shutdown.ShutdownHooks.run(ShutdownHooks.java:48)
	at java.base/java.lang.Thread.run(Thread.java:1474)
Caused by: java.io.IOException: CreateProcess error=2, The system cannot find the file specified
	at java.base/java.lang.ProcessImpl.create(Native Method)
	at java.base/java.lang.ProcessImpl.<init>(ProcessImpl.java:485)
	at java.base/java.lang.ProcessImpl.start(ProcessImpl.java:146)
	at java.base/java.lang.ProcessBuilder.start(ProcessBuilder.java:1078)
	... 3 more

[2026-06-19 13:13:26] [shutdown] IOException: Cannot run program "bash": CreateProcess error=2, The system cannot find the file specified
java.io.IOException: Cannot run program "bash": CreateProcess error=2, The system cannot find the file specified
	at java.base/java.lang.ProcessBuilder.start(ProcessBuilder.java:1112)
	at java.base/java.lang.ProcessBuilder.start(ProcessBuilder.java:1046)
	at shutdown.ShutdownHooks.run(ShutdownHooks.java:48)
	at java.base/java.lang.Thread.run(Thread.java:1474)
Caused by: java.io.IOException: CreateProcess error=2, The system cannot find the file specified
	at java.base/java.lang.ProcessImpl.create(Native Method)
	at java.base/java.lang.ProcessImpl.<init>(ProcessImpl.java:485)
	at java.base/java.lang.ProcessImpl.start(ProcessImpl.java:146)
	at java.base/java.lang.ProcessBuilder.start(ProcessBuilder.java:1078)
	... 3 more

[2026-06-19 13:14:48] [shutdown] IOException: Cannot run program "bash": CreateProcess error=2, The system cannot find the file specified
java.io.IOException: Cannot run program "bash": CreateProcess error=2, The system cannot find the file specified
	at java.base/java.lang.ProcessBuilder.start(ProcessBuilder.java:1112)
	at java.base/java.lang.ProcessBuilder.start(ProcessBuilder.java:1046)
	at shutdown.ShutdownHooks.run(ShutdownHooks.java:48)
	at java.base/java.lang.Thread.run(Thread.java:1474)
Caused by: java.io.IOException: CreateProcess error=2, The system cannot find the file specified
	at java.base/java.lang.ProcessImpl.create(Native Method)
	at java.base/java.lang.ProcessImpl.<init>(ProcessImpl.java:485)
	at java.base/java.lang.ProcessImpl.start(ProcessImpl.java:146)
	at java.base/java.lang.ProcessBuilder.start(ProcessBuilder.java:1078)
	... 3 more

[2026-06-19 13:18:41] [shutdown] IOException: Cannot run program "bash": CreateProcess error=2, The system cannot find the file specified
java.io.IOException: Cannot run program "bash": CreateProcess error=2, The system cannot find the file specified
	at java.base/java.lang.ProcessBuilder.start(ProcessBuilder.java:1112)
	at java.base/java.lang.ProcessBuilder.start(ProcessBuilder.java:1046)
	at shutdown.ShutdownHooks.run(ShutdownHooks.java:48)
	at java.base/java.lang.Thread.run(Thread.java:1474)
Caused by: java.io.IOException: CreateProcess error=2, The system cannot find the file specified
	at java.base/java.lang.ProcessImpl.create(Native Method)
	at java.base/java.lang.ProcessImpl.<init>(ProcessImpl.java:485)
	at java.base/java.lang.ProcessImpl.start(ProcessImpl.java:146)
	at java.base/java.lang.ProcessBuilder.start(ProcessBuilder.java:1078)
	... 3 more

[2026-06-20 11:02:24] [shutdown] IOException: Cannot run program "bash": CreateProcess error=2, The system cannot find the file specified
java.io.IOException: Cannot run program "bash": CreateProcess error=2, The system cannot find the file specified
	at java.base/java.lang.ProcessBuilder.start(ProcessBuilder.java:1112)
	at java.base/java.lang.ProcessBuilder.start(ProcessBuilder.java:1046)
	at shutdown.ShutdownHooks.run(ShutdownHooks.java:48)
	at java.base/java.lang.Thread.run(Thread.java:1474)
Caused by: java.io.IOException: CreateProcess error=2, The system cannot find the file specified
	at java.base/java.lang.ProcessImpl.create(Native Method)
	at java.base/java.lang.ProcessImpl.<init>(ProcessImpl.java:485)
	at java.base/java.lang.ProcessImpl.start(ProcessImpl.java:146)
	at java.base/java.lang.ProcessBuilder.start(ProcessBuilder.java:1078)
	... 3 more

